[www.davo1.cz/index.html]
[backblue.gif]
[fade.gif]
[index.html]
[www.davo1.cz/front/styles/style.css]
[www.davo1.cz/front/plugins/jquery_ui/jquery-ui.min.css]
[www.davo1.cz/front/plugins/jquery_ui/jquery-ui.structure.css]
[www.davo1.cz/front/plugins/jquery_ui/jquery-ui.theme.css]
[code.jquery.com/jquery-2.2.3.min.js]
[www.davo1.cz/front/styles/font-awesome/css/font-awesome.min.css]
[www.davo1.cz/apple-touch-icon.png]
[www.davo1.cz/favicon-32x32.png]
[www.davo1.cz/favicon-16x16.png]
[www.davo1.cz/manifest.json]
[www.davo1.cz/safari-pinned-tab.svg]
[www.google-analytics.com/analytics.js]
[www.davo1.cz/front/img/davo1.png]
[www.davo1.cz/o-nas-63.html]
[www.davo1.cz/nase-sluzby-73.html]
[www.davo1.cz/graficky-design-95.html]
[www.davo1.cz/front/plugins/jquery_ui/jquery-ui.min.js]
[www.davo1.cz/svetelna-reklama-96.html]
[www.davo1.cz/polepy-vozidel-97.html]
[www.davo1.cz/tisk-servis-98.html]
[www.davo1.cz/web-design-99.html]
[www.davo1.cz/potisk-textilu-100.html]
[www.davo1.cz/reference-101.html]
[www.davo1.cz/servis-103.html]
[www.davo1.cz/front/img/basket_2.png]
[www.davo1.cz/front/img/basket_2_white.png]
[www.davo1.cz/front/img/fb_header_ico.png]
[www.davo1.cz/front/img/insta_header_ico.png]
[www.davo1.cz/public/files/banners/davo-web-2017-foto-titul-6.png]
[www.davo1.cz/public/files/banners/davo-web-2017-foto-titul-2.png]
[www.davo1.cz/public/files/banners/davo-web-2017-foto-titul-3.png]
[www.davo1.cz/public/files/banners/davo-web-2017-foto-titul-5.png]
[www.davo1.cz/public/files/banners/davo-web-2017-foto-titul-4.png]
[www.davo1.cz/public/files/banners/davo-web-2017-foto-titul-1.png]
[www.davo1.cz/public/files/pages/original/design-logotypy-3460.png]
[www.davo1.cz/public/files/pages/original/venkovni-reklama-3461.png]
[www.davo1.cz/venkovni-reklama-78.html]
[www.davo1.cz/public/files/pages/original/svetelna-reklama-3462.png]
[www.davo1.cz/public/files/pages/original/tisk-3463.png]
[www.davo1.cz/public/files/pages/original/graficky-design-3476.png]
[www.davo1.cz/public/files/pages/original/svetelna-reklama-3477.png]
[www.davo1.cz/public/files/pages/original/polepy-vozidel-3478.png]
[www.davo1.cz/public/files/pages/original/tisk-servis-3479.png]
[www.davo1.cz/public/files/pages/original/web-design-3480.png]
[www.davo1.cz/public/files/pages/original/potisk-textilu-3481.png]
[www.davo1.cz/nabidka-tiskovin.html]
[www.davo1.cz/front/img/davo1_2.png]
[www.davo1.cz/e-shop-94.html]
[www.davo1.cz/cart.html]
[www.davo1.cz/front/scripts/eshop.js]
[www.davo1.cz/front/plugins/jquery.validate/dist/jquery.validate.js]
[www.davo1.cz/front/plugins/jquery.validate/dist/localization/messages_cs.min.js]
[www.davo1.cz/front/scripts/validations.js]
[www.davo1.cz/front/scripts/ajax.js]
[www.davo1.cz/front/scripts/styleSelect.js]
[www.davo1.cz/front/scripts/jquery.imagelightbox.min.js]
[www.davo1.cz/front/scripts/perfect-scrollbar/perfect-scrollbar.jquery.js]
[www.davo1.cz/front/plugins/swiper/dist/js/swiper.min.js]
[www.davo1.cz/front/scripts/toggle.js]
[www.davo1.cz/front/scripts/notify.js]
[www.davo1.cz/front/scripts/map.js]
[www.davo1.cz/index.html]
[www.davo1.cz/front/scripts/main3978.js]
[www.googletagmanager.com/gtm5445.html]
[www.davo1.cz/front/styles/fonts/InoveStudio/InoveStudio5fe4.eot]
[www.davo1.cz/front/styles/fonts/InoveStudio/InoveStudio5fe4.ttf]
[www.davo1.cz/front/styles/fonts/InoveStudio/InoveStudio5fe4.woff]
[www.davo1.cz/front/styles/fonts/InoveStudio/InoveStudio5fe4.svg]
[www.davo1.cz/front/img/triangle_down.png]
[www.davo1.cz/front/img/angle_left.png]
[www.davo1.cz/front/img/angle_right.png]
[www.davo1.cz/front/styles/style.css]
[www.davo1.cz/front/img/footer_bg.jpg]
[www.davo1.cz/front/plugins/jquery_ui/images/ui-bg_highlight-soft_100_eeeeee_1x100.png]
[www.davo1.cz/front/plugins/jquery_ui/images/ui-bg_gloss-wave_35_f6a828_500x100.png]
[www.davo1.cz/front/plugins/jquery_ui/images/ui-bg_glass_100_f6f6f6_1x400.png]
[www.davo1.cz/front/plugins/jquery_ui/images/ui-bg_glass_100_fdf5ce_1x400.png]
[www.davo1.cz/front/plugins/jquery_ui/images/ui-bg_glass_65_ffffff_1x400.png]
[www.davo1.cz/front/plugins/jquery_ui/images/ui-bg_highlight-soft_75_ffe45c_1x100.png]
[www.davo1.cz/front/plugins/jquery_ui/images/ui-bg_diagonals-thick_18_b81900_40x40.png]
[www.davo1.cz/front/plugins/jquery_ui/images/ui-icons_222222_256x240.png]
[www.davo1.cz/front/plugins/jquery_ui/images/ui-icons_ffffff_256x240.png]
[www.davo1.cz/front/plugins/jquery_ui/images/ui-icons_ef8c08_256x240.png]
[www.davo1.cz/front/plugins/jquery_ui/images/ui-icons_228ef1_256x240.png]
[www.davo1.cz/front/plugins/jquery_ui/images/ui-icons_ffd27a_256x240.png]
[www.davo1.cz/front/plugins/jquery_ui/images/ui-bg_diagonals-thick_20_666666_40x40.png]
[www.davo1.cz/front/plugins/jquery_ui/images/ui-bg_flat_10_000000_40x100.png]
[www.davo1.cz/front/plugins/jquery_ui/jquery-ui.min.css]
[www.davo1.cz/front/plugins/jquery_ui/jquery-ui.structure.css]
[www.davo1.cz/front/plugins/jquery_ui/jquery-ui.theme.css]
[www.davo1.cz/front/styles/font-awesome/fonts/fontawesome-webfont5b62.eot]
[www.davo1.cz/front/styles/font-awesome/fonts/fontawesome-webfontd41d.eot]
[www.davo1.cz/front/styles/font-awesome/fonts/fontawesome-webfont5b62.woff2]
[www.davo1.cz/front/styles/font-awesome/fonts/fontawesome-webfont5b62.woff]
[www.davo1.cz/front/styles/font-awesome/fonts/fontawesome-webfont5b62.ttf]
[www.davo1.cz/front/styles/font-awesome/css/font-awesome.min.css]
[www.davo1.cz/safari-pinned-tab.svg]
[www.davo1.cz/public/files/pages/original/o-nas04.jpg]
[www.davo1.cz/front/styles/font-awesome/fonts/fontawesome-webfont5b62.svg]
[www.davo1.cz/public/files/pages/thumbnail/o-nas04.jpg]
[www.davo1.cz/public/files/pages/original/o-nas03.jpg]
[www.davo1.cz/public/files/pages/thumbnail/o-nas03.jpg]
[www.davo1.cz/public/files/pages/original/o-nas02.jpg]
[www.davo1.cz/public/files/pages/thumbnail/o-nas02.jpg]
[www.davo1.cz/public/files/pages/original/o-nas01.jpg]
[www.davo1.cz/public/files/pages/thumbnail/o-nas01.jpg]
[www.davo1.cz/front/scripts/main76aa.js]
[www.davo1.cz/o-nas-63.html]
[www.davo1.cz/front/scripts/main435e.js]
[www.davo1.cz/nase-sluzby-73.html]
[www.davo1.cz/files/uploads/design00.jpg]
[www.davo1.cz/public/files/pages/original/design01.jpg]
[www.davo1.cz/public/files/pages/thumbnail/design01.jpg]
[www.davo1.cz/public/files/pages/original/design02.jpg]
[www.davo1.cz/public/files/pages/thumbnail/design02.jpg]
[www.davo1.cz/public/files/pages/original/design03.jpg]
[www.davo1.cz/public/files/pages/thumbnail/design03.jpg]
[www.davo1.cz/public/files/pages/original/design04.jpg]
[www.davo1.cz/public/files/pages/thumbnail/design04.jpg]
[www.davo1.cz/public/files/pages/original/design05.jpg]
[www.davo1.cz/public/files/pages/thumbnail/design05.jpg]
[www.davo1.cz/public/files/pages/original/design06.jpg]
[www.davo1.cz/public/files/pages/thumbnail/design06.jpg]
[www.davo1.cz/public/files/pages/original/design07.jpg]
[www.davo1.cz/public/files/pages/thumbnail/design07.jpg]
[www.davo1.cz/public/files/pages/original/design08.jpg]
[www.davo1.cz/public/files/pages/thumbnail/design08.jpg]
[www.davo1.cz/public/files/pages/original/design09.jpg]
[www.davo1.cz/public/files/pages/thumbnail/design09.jpg]
[www.davo1.cz/public/files/pages/original/design32.jpg]
[www.davo1.cz/public/files/pages/thumbnail/design32.jpg]
[www.davo1.cz/public/files/pages/original/design31.jpg]
[www.davo1.cz/public/files/pages/thumbnail/design31.jpg]
[www.davo1.cz/public/files/pages/original/design10.jpg]
[www.davo1.cz/public/files/pages/thumbnail/design10.jpg]
[www.davo1.cz/public/files/pages/original/design12.jpg]
[www.davo1.cz/public/files/pages/thumbnail/design12.jpg]
[www.davo1.cz/public/files/pages/original/design13.jpg]
[www.davo1.cz/public/files/pages/thumbnail/design13.jpg]
[www.davo1.cz/public/files/pages/original/design14.jpg]
[www.davo1.cz/public/files/pages/thumbnail/design14.jpg]
[www.davo1.cz/public/files/pages/original/design15.jpg]
[www.davo1.cz/public/files/pages/thumbnail/design15.jpg]
[www.davo1.cz/public/files/pages/original/design16.jpg]
[www.davo1.cz/public/files/pages/thumbnail/design16.jpg]
[www.davo1.cz/public/files/pages/original/design11.jpg]
[www.davo1.cz/public/files/pages/thumbnail/design11.jpg]
[www.davo1.cz/public/files/pages/original/design17.jpg]
[www.davo1.cz/public/files/pages/thumbnail/design17.jpg]
[www.davo1.cz/public/files/pages/original/design18.jpg]
[www.davo1.cz/public/files/pages/thumbnail/design18.jpg]
[www.davo1.cz/public/files/pages/original/design19.jpg]
[www.davo1.cz/public/files/pages/thumbnail/design19.jpg]
[www.davo1.cz/public/files/pages/original/design20.jpg]
[www.davo1.cz/public/files/pages/thumbnail/design20.jpg]
[www.davo1.cz/public/files/pages/original/design21.jpg]
[www.davo1.cz/public/files/pages/thumbnail/design21.jpg]
[www.davo1.cz/public/files/pages/original/design22.jpg]
[www.davo1.cz/public/files/pages/thumbnail/design22.jpg]
[www.davo1.cz/public/files/pages/original/design23.jpg]
[www.davo1.cz/public/files/pages/thumbnail/design23.jpg]
[www.davo1.cz/public/files/pages/original/design24.jpg]
[www.davo1.cz/public/files/pages/thumbnail/design24.jpg]
[www.davo1.cz/public/files/pages/original/design25.jpg]
[www.davo1.cz/public/files/pages/thumbnail/design25.jpg]
[www.davo1.cz/public/files/pages/original/design26.jpg]
[www.davo1.cz/public/files/pages/thumbnail/design26.jpg]
[www.davo1.cz/public/files/pages/original/design27.jpg]
[www.davo1.cz/public/files/pages/thumbnail/design27.jpg]
[www.davo1.cz/public/files/pages/original/design28.jpg]
[www.davo1.cz/public/files/pages/thumbnail/design28.jpg]
[www.davo1.cz/public/files/pages/original/design29.jpg]
[www.davo1.cz/public/files/pages/thumbnail/design29.jpg]
[www.davo1.cz/public/files/pages/original/design30.jpg]
[www.davo1.cz/public/files/pages/thumbnail/design30.jpg]
[www.davo1.cz/front/scripts/maindeb1.js]
[www.davo1.cz/graficky-design-95.html]
[www.davo1.cz/public/files/pages/original/svetelna-reklama250.jpg]
[www.davo1.cz/public/files/pages/thumbnail/svetelna-reklama250.jpg]
[www.davo1.cz/public/files/pages/original/svetelna-reklama251.jpg]
[www.davo1.cz/public/files/pages/thumbnail/svetelna-reklama251.jpg]
[www.davo1.cz/public/files/pages/original/svetelna-reklama252.jpg]
[www.davo1.cz/public/files/pages/thumbnail/svetelna-reklama252.jpg]
[www.davo1.cz/public/files/pages/original/svetelna-reklama253.jpg]
[www.davo1.cz/public/files/pages/thumbnail/svetelna-reklama253.jpg]
[www.davo1.cz/public/files/pages/original/svetelna-reklama254.jpg]
[www.davo1.cz/public/files/pages/thumbnail/svetelna-reklama254.jpg]
[www.davo1.cz/public/files/pages/original/svetelna-reklama255.jpg]
[www.davo1.cz/public/files/pages/thumbnail/svetelna-reklama255.jpg]
[www.davo1.cz/public/files/pages/original/svetelna-reklama256.jpg]
[www.davo1.cz/public/files/pages/thumbnail/svetelna-reklama256.jpg]
[www.davo1.cz/public/files/pages/original/svetelna-reklama257.jpg]
[www.davo1.cz/public/files/pages/thumbnail/svetelna-reklama257.jpg]
[www.davo1.cz/public/files/pages/original/svetelna-reklama258.jpg]
[www.davo1.cz/public/files/pages/thumbnail/svetelna-reklama258.jpg]
[www.davo1.cz/public/files/pages/original/svetelna-reklama259.jpg]
[www.davo1.cz/public/files/pages/thumbnail/svetelna-reklama259.jpg]
[www.davo1.cz/public/files/pages/original/svetelna-reklama260.jpg]
[www.davo1.cz/public/files/pages/thumbnail/svetelna-reklama260.jpg]
[www.davo1.cz/public/files/pages/original/svetelna-reklama261.jpg]
[www.davo1.cz/public/files/pages/thumbnail/svetelna-reklama261.jpg]
[www.davo1.cz/public/files/pages/original/svetelna-reklama262.jpg]
[www.davo1.cz/public/files/pages/thumbnail/svetelna-reklama262.jpg]
[www.davo1.cz/public/files/pages/original/svetelna-reklama263.jpg]
[www.davo1.cz/public/files/pages/thumbnail/svetelna-reklama263.jpg]
[www.davo1.cz/public/files/pages/original/svetelna-reklama264.jpg]
[www.davo1.cz/public/files/pages/thumbnail/svetelna-reklama264.jpg]
[www.davo1.cz/public/files/pages/original/svetelna-reklama265.jpg]
[www.davo1.cz/public/files/pages/thumbnail/svetelna-reklama265.jpg]
[www.davo1.cz/public/files/pages/original/svetelna-reklama266.jpg]
[www.davo1.cz/public/files/pages/thumbnail/svetelna-reklama266.jpg]
[www.davo1.cz/public/files/pages/original/svetelna-reklama267.jpg]
[www.davo1.cz/public/files/pages/thumbnail/svetelna-reklama267.jpg]
[www.davo1.cz/public/files/pages/original/svetelna-reklama268.jpg]
[www.davo1.cz/public/files/pages/thumbnail/svetelna-reklama268.jpg]
[www.davo1.cz/public/files/pages/original/svetelna-reklama269.jpg]
[www.davo1.cz/public/files/pages/thumbnail/svetelna-reklama269.jpg]
[www.davo1.cz/public/files/pages/original/svetelna-reklama210.jpg]
[www.davo1.cz/public/files/pages/thumbnail/svetelna-reklama210.jpg]
[www.davo1.cz/public/files/pages/original/svetelna-reklama211.jpg]
[www.davo1.cz/public/files/pages/thumbnail/svetelna-reklama211.jpg]
[www.davo1.cz/public/files/pages/original/svetelna-reklama212.jpg]
[www.davo1.cz/public/files/pages/thumbnail/svetelna-reklama212.jpg]
[www.davo1.cz/public/files/pages/original/svetelna-reklama213.jpg]
[www.davo1.cz/public/files/pages/thumbnail/svetelna-reklama213.jpg]
[www.davo1.cz/public/files/pages/original/svetelna-reklama220.jpg]
[www.davo1.cz/public/files/pages/thumbnail/svetelna-reklama220.jpg]
[www.davo1.cz/public/files/pages/original/svetelna-reklama221.jpg]
[www.davo1.cz/public/files/pages/thumbnail/svetelna-reklama221.jpg]
[www.davo1.cz/public/files/pages/original/svetelna-reklama222.jpg]
[www.davo1.cz/public/files/pages/thumbnail/svetelna-reklama222.jpg]
[www.davo1.cz/public/files/pages/original/svetelna-reklama223.jpg]
[www.davo1.cz/public/files/pages/thumbnail/svetelna-reklama223.jpg]
[www.davo1.cz/public/files/pages/original/svetelna-reklama230.jpg]
[www.davo1.cz/public/files/pages/thumbnail/svetelna-reklama230.jpg]
[www.davo1.cz/public/files/pages/original/svetelna-reklama231.jpg]
[www.davo1.cz/public/files/pages/thumbnail/svetelna-reklama231.jpg]
[www.davo1.cz/public/files/pages/original/svetelna-reklama232.jpg]
[www.davo1.cz/public/files/pages/thumbnail/svetelna-reklama232.jpg]
[www.davo1.cz/public/files/pages/original/svetelna-reklama233.jpg]
[www.davo1.cz/public/files/pages/thumbnail/svetelna-reklama233.jpg]
[www.davo1.cz/public/files/pages/original/svetelna-reklama240.jpg]
[www.davo1.cz/public/files/pages/thumbnail/svetelna-reklama240.jpg]
[www.davo1.cz/public/files/pages/original/svetelna-reklama241.jpg]
[www.davo1.cz/public/files/pages/thumbnail/svetelna-reklama241.jpg]
[www.davo1.cz/public/files/pages/original/svetelna-reklama242.jpg]
[www.davo1.cz/public/files/pages/thumbnail/svetelna-reklama242.jpg]
[www.davo1.cz/public/files/pages/original/svetelna-reklama243.jpg]
[www.davo1.cz/public/files/pages/thumbnail/svetelna-reklama243.jpg]
[www.davo1.cz/public/files/pages/original/svetelna-reklama200.jpg]
[www.davo1.cz/public/files/pages/thumbnail/svetelna-reklama200.jpg]
[www.davo1.cz/public/files/pages/original/svetelna-reklama201.jpg]
[www.davo1.cz/public/files/pages/thumbnail/svetelna-reklama201.jpg]
[www.davo1.cz/public/files/pages/original/svetelna-reklama202.jpg]
[www.davo1.cz/public/files/pages/thumbnail/svetelna-reklama202.jpg]
[www.davo1.cz/public/files/pages/original/svetelna-reklama203.jpg]
[www.davo1.cz/public/files/pages/thumbnail/svetelna-reklama203.jpg]
[www.davo1.cz/public/files/pages/original/svetelna-reklama161.jpg]
[www.davo1.cz/public/files/pages/thumbnail/svetelna-reklama161.jpg]
[www.davo1.cz/public/files/pages/original/svetelna-reklama162.jpg]
[www.davo1.cz/public/files/pages/thumbnail/svetelna-reklama162.jpg]
[www.davo1.cz/public/files/pages/original/svetelna-reklama163.jpg]
[www.davo1.cz/public/files/pages/thumbnail/svetelna-reklama163.jpg]
[www.davo1.cz/public/files/pages/original/svetelna-reklama164.jpg]
[www.davo1.cz/public/files/pages/thumbnail/svetelna-reklama164.jpg]
[www.davo1.cz/public/files/pages/original/svetelna-reklama158.jpg]
[www.davo1.cz/public/files/pages/thumbnail/svetelna-reklama158.jpg]
[www.davo1.cz/public/files/pages/original/svetelna-reklama157.jpg]
[www.davo1.cz/public/files/pages/thumbnail/svetelna-reklama157.jpg]
[www.davo1.cz/public/files/pages/original/svetelna-reklama159.jpg]
[www.davo1.cz/public/files/pages/thumbnail/svetelna-reklama159.jpg]
[www.davo1.cz/public/files/pages/original/svetelna-reklama160.jpg]
[www.davo1.cz/public/files/pages/thumbnail/svetelna-reklama160.jpg]
[www.davo1.cz/public/files/pages/original/svetelna-reklama145.jpg]
[www.davo1.cz/public/files/pages/thumbnail/svetelna-reklama145.jpg]
[www.davo1.cz/public/files/pages/original/svetelna-reklama146.jpg]
[www.davo1.cz/public/files/pages/thumbnail/svetelna-reklama146.jpg]
[www.davo1.cz/public/files/pages/original/svetelna-reklama147.jpg]
[www.davo1.cz/public/files/pages/thumbnail/svetelna-reklama147.jpg]
[www.davo1.cz/public/files/pages/original/svetelna-reklama148.jpg]
[www.davo1.cz/public/files/pages/thumbnail/svetelna-reklama148.jpg]
[www.davo1.cz/public/files/pages/original/svetelna-reklama149.jpg]
[www.davo1.cz/public/files/pages/thumbnail/svetelna-reklama149.jpg]
[www.davo1.cz/public/files/pages/original/svetelna-reklama150.jpg]
[www.davo1.cz/public/files/pages/thumbnail/svetelna-reklama150.jpg]
[www.davo1.cz/public/files/pages/original/svetelna-reklama151.jpg]
[www.davo1.cz/public/files/pages/thumbnail/svetelna-reklama151.jpg]
[www.davo1.cz/public/files/pages/original/svetelna-reklama152.jpg]
[www.davo1.cz/public/files/pages/thumbnail/svetelna-reklama152.jpg]
[www.davo1.cz/public/files/pages/original/svetelna-reklama140.jpg]
[www.davo1.cz/public/files/pages/thumbnail/svetelna-reklama140.jpg]
[www.davo1.cz/public/files/pages/original/svetelna-reklama141.jpg]
[www.davo1.cz/public/files/pages/thumbnail/svetelna-reklama141.jpg]
[www.davo1.cz/public/files/pages/original/svetelna-reklama142.jpg]
[www.davo1.cz/public/files/pages/thumbnail/svetelna-reklama142.jpg]
[www.davo1.cz/public/files/pages/original/svetelna-reklama137.jpg]
[www.davo1.cz/public/files/pages/thumbnail/svetelna-reklama137.jpg]
[www.davo1.cz/public/files/pages/original/svetelna-reklama068.jpg]
[www.davo1.cz/public/files/pages/thumbnail/svetelna-reklama068.jpg]
[www.davo1.cz/public/files/pages/original/svetelna-reklama069.jpg]
[www.davo1.cz/public/files/pages/thumbnail/svetelna-reklama069.jpg]
[www.davo1.cz/public/files/pages/original/svetelna-reklama070.jpg]
[www.davo1.cz/public/files/pages/thumbnail/svetelna-reklama070.jpg]
[www.davo1.cz/public/files/pages/original/svetelna-reklama071.jpg]
[www.davo1.cz/public/files/pages/thumbnail/svetelna-reklama071.jpg]
[www.davo1.cz/public/files/pages/original/svetelna-reklama073.jpg]
[www.davo1.cz/public/files/pages/thumbnail/svetelna-reklama073.jpg]
[www.davo1.cz/public/files/pages/original/svetelna-reklama074.jpg]
[www.davo1.cz/public/files/pages/thumbnail/svetelna-reklama074.jpg]
[www.davo1.cz/public/files/pages/original/svetelna-reklama075.jpg]
[www.davo1.cz/public/files/pages/thumbnail/svetelna-reklama075.jpg]
[www.davo1.cz/public/files/pages/original/svetelna-reklama076.jpg]
[www.davo1.cz/public/files/pages/thumbnail/svetelna-reklama076.jpg]
[www.davo1.cz/public/files/pages/original/svetelna-reklama077.jpg]
[www.davo1.cz/public/files/pages/thumbnail/svetelna-reklama077.jpg]
[www.davo1.cz/public/files/pages/original/svetelna-reklama078.jpg]
[www.davo1.cz/public/files/pages/thumbnail/svetelna-reklama078.jpg]
[www.davo1.cz/public/files/pages/original/svetelna-reklama079.jpg]
[www.davo1.cz/public/files/pages/thumbnail/svetelna-reklama079.jpg]
[www.davo1.cz/public/files/pages/original/svetelna-reklama002.jpg]
[www.davo1.cz/public/files/pages/thumbnail/svetelna-reklama002.jpg]
[www.davo1.cz/public/files/pages/original/svetelna-reklama003.jpg]
[www.davo1.cz/public/files/pages/thumbnail/svetelna-reklama003.jpg]
[www.davo1.cz/public/files/pages/original/svetelna-reklama092.jpg]
[www.davo1.cz/public/files/pages/thumbnail/svetelna-reklama092.jpg]
[www.davo1.cz/public/files/pages/original/svetelna-reklama001.jpg]
[www.davo1.cz/public/files/pages/thumbnail/svetelna-reklama001.jpg]
[www.davo1.cz/public/files/pages/original/svetelna-reklama089.jpg]
[www.davo1.cz/public/files/pages/thumbnail/svetelna-reklama089.jpg]
[www.davo1.cz/public/files/pages/original/svetelna-reklama099.jpg]
[www.davo1.cz/public/files/pages/thumbnail/svetelna-reklama099.jpg]
[www.davo1.cz/public/files/pages/original/svetelna-reklama100.jpg]
[www.davo1.cz/public/files/pages/thumbnail/svetelna-reklama100.jpg]
[www.davo1.cz/public/files/pages/original/svetelna-reklama101.jpg]
[www.davo1.cz/public/files/pages/thumbnail/svetelna-reklama101.jpg]
[www.davo1.cz/public/files/pages/original/svetelna-reklama102.jpg]
[www.davo1.cz/public/files/pages/thumbnail/svetelna-reklama102.jpg]
[www.davo1.cz/public/files/pages/original/svetelna-reklama081.jpg]
[www.davo1.cz/public/files/pages/thumbnail/svetelna-reklama081.jpg]
[www.davo1.cz/public/files/pages/original/svetelna-reklama082.jpg]
[www.davo1.cz/public/files/pages/thumbnail/svetelna-reklama082.jpg]
[www.davo1.cz/public/files/pages/original/svetelna-reklama084.jpg]
[www.davo1.cz/public/files/pages/thumbnail/svetelna-reklama084.jpg]
[www.davo1.cz/public/files/pages/original/svetelna-reklama085.jpg]
[www.davo1.cz/public/files/pages/thumbnail/svetelna-reklama085.jpg]
[www.davo1.cz/public/files/pages/original/svetelna-reklama086.jpg]
[www.davo1.cz/public/files/pages/thumbnail/svetelna-reklama086.jpg]
[www.davo1.cz/public/files/pages/original/svetelna-reklama087.jpg]
[www.davo1.cz/public/files/pages/thumbnail/svetelna-reklama087.jpg]
[www.davo1.cz/public/files/pages/original/svetelna-reklama088.jpg]
[www.davo1.cz/public/files/pages/thumbnail/svetelna-reklama088.jpg]
[www.davo1.cz/public/files/pages/original/svetelna-reklama090.jpg]
[www.davo1.cz/public/files/pages/thumbnail/svetelna-reklama090.jpg]
[www.davo1.cz/public/files/pages/original/svetelna-reklama091.jpg]
[www.davo1.cz/public/files/pages/thumbnail/svetelna-reklama091.jpg]
[www.davo1.cz/public/files/pages/original/svetelna-reklama093.jpg]
[www.davo1.cz/public/files/pages/thumbnail/svetelna-reklama093.jpg]
[www.davo1.cz/public/files/pages/original/svetelna-reklama094.jpg]
[www.davo1.cz/public/files/pages/thumbnail/svetelna-reklama094.jpg]
[www.davo1.cz/public/files/pages/original/svetelna-reklama095.jpg]
[www.davo1.cz/public/files/pages/thumbnail/svetelna-reklama095.jpg]
[www.davo1.cz/public/files/pages/original/svetelna-reklama096.jpg]
[www.davo1.cz/public/files/pages/thumbnail/svetelna-reklama096.jpg]
[www.davo1.cz/public/files/pages/original/svetelna-reklama097.jpg]
[www.davo1.cz/public/files/pages/thumbnail/svetelna-reklama097.jpg]
[www.davo1.cz/public/files/pages/original/svetelna-reklama098.jpg]
[www.davo1.cz/public/files/pages/thumbnail/svetelna-reklama098.jpg]
[www.davo1.cz/public/files/pages/original/svetelna-reklama103.jpg]
[www.davo1.cz/public/files/pages/thumbnail/svetelna-reklama103.jpg]
[www.davo1.cz/public/files/pages/original/svetelna-reklama104.jpg]
[www.davo1.cz/public/files/pages/thumbnail/svetelna-reklama104.jpg]
[www.davo1.cz/public/files/pages/original/svetelna-reklama105.jpg]
[www.davo1.cz/public/files/pages/thumbnail/svetelna-reklama105.jpg]
[www.davo1.cz/public/files/pages/original/svetelna-reklama106.jpg]
[www.davo1.cz/public/files/pages/thumbnail/svetelna-reklama106.jpg]
[www.davo1.cz/public/files/pages/original/svetelna-reklama107.jpg]
[www.davo1.cz/public/files/pages/thumbnail/svetelna-reklama107.jpg]
[www.davo1.cz/public/files/pages/original/svetelna-reklama041.jpg]
[www.davo1.cz/public/files/pages/thumbnail/svetelna-reklama041.jpg]
[www.davo1.cz/public/files/pages/original/svetelna-reklama042.jpg]
[www.davo1.cz/public/files/pages/thumbnail/svetelna-reklama042.jpg]
[www.davo1.cz/public/files/pages/original/svetelna-reklama043.jpg]
[www.davo1.cz/public/files/pages/thumbnail/svetelna-reklama043.jpg]
[www.davo1.cz/public/files/pages/original/svetelna-reklama044.jpg]
[www.davo1.cz/public/files/pages/thumbnail/svetelna-reklama044.jpg]
[www.davo1.cz/public/files/pages/original/svetelna-reklama048.jpg]
[www.davo1.cz/public/files/pages/thumbnail/svetelna-reklama048.jpg]
[www.davo1.cz/public/files/pages/original/svetelna-reklama045.jpg]
[www.davo1.cz/public/files/pages/thumbnail/svetelna-reklama045.jpg]
[www.davo1.cz/public/files/pages/original/svetelna-reklama155.jpg]
[www.davo1.cz/public/files/pages/thumbnail/svetelna-reklama155.jpg]
[www.davo1.cz/public/files/pages/original/svetelna-reklama156.jpg]
[www.davo1.cz/public/files/pages/thumbnail/svetelna-reklama156.jpg]
[www.davo1.cz/public/files/pages/original/svetelna-reklama046.jpg]
[www.davo1.cz/public/files/pages/thumbnail/svetelna-reklama046.jpg]
[www.davo1.cz/public/files/pages/original/svetelna-reklama047.jpg]
[www.davo1.cz/public/files/pages/thumbnail/svetelna-reklama047.jpg]
[www.davo1.cz/public/files/pages/original/svetelna-reklama049.jpg]
[www.davo1.cz/public/files/pages/thumbnail/svetelna-reklama049.jpg]
[www.davo1.cz/public/files/pages/original/svetelna-reklama050.jpg]
[www.davo1.cz/public/files/pages/thumbnail/svetelna-reklama050.jpg]
[www.davo1.cz/public/files/pages/original/svetelna-reklama051.jpg]
[www.davo1.cz/public/files/pages/thumbnail/svetelna-reklama051.jpg]
[www.davo1.cz/public/files/pages/original/svetelna-reklama052.jpg]
[www.davo1.cz/public/files/pages/thumbnail/svetelna-reklama052.jpg]
[www.davo1.cz/public/files/pages/original/svetelna-reklama053.jpg]
[www.davo1.cz/public/files/pages/thumbnail/svetelna-reklama053.jpg]
[www.davo1.cz/public/files/pages/original/svetelna-reklama054.jpg]
[www.davo1.cz/public/files/pages/thumbnail/svetelna-reklama054.jpg]
[www.davo1.cz/public/files/pages/original/svetelna-reklama055.jpg]
[www.davo1.cz/public/files/pages/thumbnail/svetelna-reklama055.jpg]
[www.davo1.cz/public/files/pages/original/svetelna-reklama056.jpg]
[www.davo1.cz/public/files/pages/thumbnail/svetelna-reklama056.jpg]
[www.davo1.cz/public/files/pages/original/svetelna-reklama057.jpg]
[www.davo1.cz/public/files/pages/thumbnail/svetelna-reklama057.jpg]
[www.davo1.cz/public/files/pages/original/svetelna-reklama058.jpg]
[www.davo1.cz/public/files/pages/thumbnail/svetelna-reklama058.jpg]
[www.davo1.cz/public/files/pages/original/svetelna-reklama059.jpg]
[www.davo1.cz/public/files/pages/thumbnail/svetelna-reklama059.jpg]
[www.davo1.cz/public/files/pages/original/svetelna-reklama060.jpg]
[www.davo1.cz/public/files/pages/thumbnail/svetelna-reklama060.jpg]
[www.davo1.cz/public/files/pages/original/svetelna-reklama061.jpg]
[www.davo1.cz/public/files/pages/thumbnail/svetelna-reklama061.jpg]
[www.davo1.cz/public/files/pages/original/svetelna-reklama062.jpg]
[www.davo1.cz/public/files/pages/thumbnail/svetelna-reklama062.jpg]
[www.davo1.cz/public/files/pages/original/svetelna-reklama063.jpg]
[www.davo1.cz/public/files/pages/thumbnail/svetelna-reklama063.jpg]
[www.davo1.cz/public/files/pages/original/svetelna-reklama064.jpg]
[www.davo1.cz/public/files/pages/thumbnail/svetelna-reklama064.jpg]
[www.davo1.cz/public/files/pages/original/svetelna-reklama065.jpg]
[www.davo1.cz/public/files/pages/thumbnail/svetelna-reklama065.jpg]
[www.davo1.cz/public/files/pages/original/svetelna-reklama066.jpg]
[www.davo1.cz/public/files/pages/thumbnail/svetelna-reklama066.jpg]
[www.davo1.cz/public/files/pages/original/svetelna-reklama067.jpg]
[www.davo1.cz/public/files/pages/thumbnail/svetelna-reklama067.jpg]
[www.davo1.cz/public/files/pages/original/svetelna-reklama004.jpg]
[www.davo1.cz/public/files/pages/thumbnail/svetelna-reklama004.jpg]
[www.davo1.cz/public/files/pages/original/svetelna-reklama005.jpg]
[www.davo1.cz/public/files/pages/thumbnail/svetelna-reklama005.jpg]
[www.davo1.cz/public/files/pages/original/svetelna-reklama006.jpg]
[www.davo1.cz/public/files/pages/thumbnail/svetelna-reklama006.jpg]
[www.davo1.cz/public/files/pages/original/svetelna-reklama007.jpg]
[www.davo1.cz/public/files/pages/thumbnail/svetelna-reklama007.jpg]
[www.davo1.cz/public/files/pages/original/svetelna-reklama008.jpg]
[www.davo1.cz/public/files/pages/thumbnail/svetelna-reklama008.jpg]
[www.davo1.cz/public/files/pages/original/svetelna-reklama009.jpg]
[www.davo1.cz/public/files/pages/thumbnail/svetelna-reklama009.jpg]
[www.davo1.cz/public/files/pages/original/svetelna-reklama010.jpg]
[www.davo1.cz/public/files/pages/thumbnail/svetelna-reklama010.jpg]
[www.davo1.cz/public/files/pages/original/svetelna-reklama011.jpg]
[www.davo1.cz/public/files/pages/thumbnail/svetelna-reklama011.jpg]
[www.davo1.cz/public/files/pages/original/svetelna-reklama012.jpg]
[www.davo1.cz/public/files/pages/thumbnail/svetelna-reklama012.jpg]
[www.davo1.cz/public/files/pages/original/svetelna-reklama013.jpg]
[www.davo1.cz/public/files/pages/thumbnail/svetelna-reklama013.jpg]
[www.davo1.cz/public/files/pages/original/svetelna-reklama014.jpg]
[www.davo1.cz/public/files/pages/thumbnail/svetelna-reklama014.jpg]
[www.davo1.cz/public/files/pages/original/svetelna-reklama015.jpg]
[www.davo1.cz/public/files/pages/thumbnail/svetelna-reklama015.jpg]
[www.davo1.cz/public/files/pages/original/svetelna-reklama016.jpg]
[www.davo1.cz/public/files/pages/thumbnail/svetelna-reklama016.jpg]
[www.davo1.cz/public/files/pages/original/svetelna-reklama017.jpg]
[www.davo1.cz/public/files/pages/thumbnail/svetelna-reklama017.jpg]
[www.davo1.cz/public/files/pages/original/svetelna-reklama018.jpg]
[www.davo1.cz/public/files/pages/thumbnail/svetelna-reklama018.jpg]
[www.davo1.cz/public/files/pages/original/svetelna-reklama019.jpg]
[www.davo1.cz/public/files/pages/thumbnail/svetelna-reklama019.jpg]
[www.davo1.cz/public/files/pages/original/svetelna-reklama020.jpg]
[www.davo1.cz/public/files/pages/thumbnail/svetelna-reklama020.jpg]
[www.davo1.cz/public/files/pages/original/svetelna-reklama021.jpg]
[www.davo1.cz/public/files/pages/thumbnail/svetelna-reklama021.jpg]
[www.davo1.cz/public/files/pages/original/svetelna-reklama022.jpg]
[www.davo1.cz/public/files/pages/thumbnail/svetelna-reklama022.jpg]
[www.davo1.cz/public/files/pages/original/svetelna-reklama023.jpg]
[www.davo1.cz/public/files/pages/thumbnail/svetelna-reklama023.jpg]
[www.davo1.cz/public/files/pages/original/svetelna-reklama024.jpg]
[www.davo1.cz/public/files/pages/thumbnail/svetelna-reklama024.jpg]
[www.davo1.cz/public/files/pages/original/svetelna-reklama025.jpg]
[www.davo1.cz/public/files/pages/thumbnail/svetelna-reklama025.jpg]
[www.davo1.cz/public/files/pages/original/svetelna-reklama026.jpg]
[www.davo1.cz/public/files/pages/thumbnail/svetelna-reklama026.jpg]
[www.davo1.cz/public/files/pages/original/svetelna-reklama027.jpg]
[www.davo1.cz/public/files/pages/thumbnail/svetelna-reklama027.jpg]
[www.davo1.cz/public/files/pages/original/svetelna-reklama028.jpg]
[www.davo1.cz/public/files/pages/thumbnail/svetelna-reklama028.jpg]
[www.davo1.cz/public/files/pages/original/svetelna-reklama029.jpg]
[www.davo1.cz/public/files/pages/thumbnail/svetelna-reklama029.jpg]
[www.davo1.cz/public/files/pages/original/svetelna-reklama030.jpg]
[www.davo1.cz/public/files/pages/thumbnail/svetelna-reklama030.jpg]
[www.davo1.cz/public/files/pages/original/svetelna-reklama031.jpg]
[www.davo1.cz/public/files/pages/thumbnail/svetelna-reklama031.jpg]
[www.davo1.cz/public/files/pages/original/svetelna-reklama032.jpg]
[www.davo1.cz/public/files/pages/thumbnail/svetelna-reklama032.jpg]
[www.davo1.cz/public/files/pages/original/svetelna-reklama033.jpg]
[www.davo1.cz/public/files/pages/thumbnail/svetelna-reklama033.jpg]
[www.davo1.cz/public/files/pages/original/svetelna-reklama034.jpg]
[www.davo1.cz/public/files/pages/thumbnail/svetelna-reklama034.jpg]
[www.davo1.cz/public/files/pages/original/svetelna-reklama035.jpg]
[www.davo1.cz/public/files/pages/thumbnail/svetelna-reklama035.jpg]
[www.davo1.cz/public/files/pages/original/svetelna-reklama036.jpg]
[www.davo1.cz/public/files/pages/thumbnail/svetelna-reklama036.jpg]
[www.davo1.cz/public/files/pages/original/svetelna-reklama037.jpg]
[www.davo1.cz/public/files/pages/thumbnail/svetelna-reklama037.jpg]
[www.davo1.cz/public/files/pages/original/svetelna-reklama108.jpg]
[www.davo1.cz/public/files/pages/thumbnail/svetelna-reklama108.jpg]
[www.davo1.cz/public/files/pages/original/svetelna-reklama109.jpg]
[www.davo1.cz/public/files/pages/thumbnail/svetelna-reklama109.jpg]
[www.davo1.cz/public/files/pages/original/svetelna-reklama110.jpg]
[www.davo1.cz/public/files/pages/thumbnail/svetelna-reklama110.jpg]
[www.davo1.cz/public/files/pages/original/svetelna-reklama111.jpg]
[www.davo1.cz/public/files/pages/thumbnail/svetelna-reklama111.jpg]
[www.davo1.cz/public/files/pages/original/svetelna-reklama112.jpg]
[www.davo1.cz/public/files/pages/thumbnail/svetelna-reklama112.jpg]
[www.davo1.cz/public/files/pages/original/svetelna-reklama113.jpg]
[www.davo1.cz/public/files/pages/thumbnail/svetelna-reklama113.jpg]
[www.davo1.cz/public/files/pages/original/svetelna-reklama114.jpg]
[www.davo1.cz/public/files/pages/thumbnail/svetelna-reklama114.jpg]
[www.davo1.cz/public/files/pages/original/svetelna-reklama115.jpg]
[www.davo1.cz/public/files/pages/thumbnail/svetelna-reklama115.jpg]
[www.davo1.cz/public/files/pages/original/svetelna-reklama116.jpg]
[www.davo1.cz/public/files/pages/thumbnail/svetelna-reklama116.jpg]
[www.davo1.cz/public/files/pages/original/svetelna-reklama117.jpg]
[www.davo1.cz/public/files/pages/thumbnail/svetelna-reklama117.jpg]
[www.davo1.cz/public/files/pages/original/svetelna-reklama118.jpg]
[www.davo1.cz/public/files/pages/thumbnail/svetelna-reklama118.jpg]
[www.davo1.cz/public/files/pages/original/svetelna-reklama119.jpg]
[www.davo1.cz/public/files/pages/thumbnail/svetelna-reklama119.jpg]
[www.davo1.cz/public/files/pages/original/svetelna-reklama120.jpg]
[www.davo1.cz/public/files/pages/thumbnail/svetelna-reklama120.jpg]
[www.davo1.cz/public/files/pages/original/svetelna-reklama121.jpg]
[www.davo1.cz/public/files/pages/thumbnail/svetelna-reklama121.jpg]
[www.davo1.cz/public/files/pages/original/svetelna-reklama122.jpg]
[www.davo1.cz/public/files/pages/thumbnail/svetelna-reklama122.jpg]
[www.davo1.cz/public/files/pages/original/svetelna-reklama123.jpg]
[www.davo1.cz/public/files/pages/thumbnail/svetelna-reklama123.jpg]
[www.davo1.cz/public/files/pages/original/svetelna-reklama124.jpg]
[www.davo1.cz/public/files/pages/thumbnail/svetelna-reklama124.jpg]
[www.davo1.cz/public/files/pages/original/svetelna-reklama125.jpg]
[www.davo1.cz/public/files/pages/thumbnail/svetelna-reklama125.jpg]
[www.davo1.cz/public/files/pages/original/svetelna-reklama126.jpg]
[www.davo1.cz/public/files/pages/thumbnail/svetelna-reklama126.jpg]
[www.davo1.cz/public/files/pages/original/svetelna-reklama127.jpg]
[www.davo1.cz/public/files/pages/thumbnail/svetelna-reklama127.jpg]
[www.davo1.cz/public/files/pages/original/svetelna-reklama128.jpg]
[www.davo1.cz/public/files/pages/thumbnail/svetelna-reklama128.jpg]
[www.davo1.cz/public/files/pages/original/svetelna-reklama129.jpg]
[www.davo1.cz/public/files/pages/thumbnail/svetelna-reklama129.jpg]
[www.davo1.cz/public/files/pages/original/svetelna-reklama130.jpg]
[www.davo1.cz/public/files/pages/thumbnail/svetelna-reklama130.jpg]
[www.davo1.cz/public/files/pages/original/svetelna-reklama131.jpg]
[www.davo1.cz/public/files/pages/thumbnail/svetelna-reklama131.jpg]
[www.davo1.cz/public/files/pages/original/svetelna-reklama132.jpg]
[www.davo1.cz/public/files/pages/thumbnail/svetelna-reklama132.jpg]
[www.davo1.cz/public/files/pages/original/svetelna-reklama133.jpg]
[www.davo1.cz/public/files/pages/thumbnail/svetelna-reklama133.jpg]
[www.davo1.cz/public/files/pages/original/svetelna-reklama134.jpg]
[www.davo1.cz/public/files/pages/thumbnail/svetelna-reklama134.jpg]
[www.davo1.cz/public/files/pages/original/svetelna-reklama135.jpg]
[www.davo1.cz/public/files/pages/thumbnail/svetelna-reklama135.jpg]
[www.davo1.cz/public/files/pages/original/svetelna-reklama136.jpg]
[www.davo1.cz/public/files/pages/thumbnail/svetelna-reklama136.jpg]
[www.davo1.cz/public/files/pages/original/svetelna-reklama143.jpg]
[www.davo1.cz/public/files/pages/thumbnail/svetelna-reklama143.jpg]
[www.davo1.cz/public/files/pages/original/svetelna-reklama144.jpg]
[www.davo1.cz/public/files/pages/thumbnail/svetelna-reklama144.jpg]
[www.davo1.cz/public/files/pages/original/svetelna-reklama153.jpg]
[www.davo1.cz/public/files/pages/thumbnail/svetelna-reklama153.jpg]
[www.davo1.cz/public/files/pages/original/svetelna-reklama154.jpg]
[www.davo1.cz/public/files/pages/thumbnail/svetelna-reklama154.jpg]
[www.davo1.cz/public/files/pages/original/svetelna-reklama170.jpg]
[www.davo1.cz/public/files/pages/thumbnail/svetelna-reklama170.jpg]
[www.davo1.cz/public/files/pages/original/svetelna-reklama171.jpg]
[www.davo1.cz/public/files/pages/thumbnail/svetelna-reklama171.jpg]
[www.davo1.cz/svetelna-reklama-96.html]
[www.davo1.cz/public/files/pages/original/polepy-vozidel222.jpg]
[www.davo1.cz/public/files/pages/thumbnail/polepy-vozidel222.jpg]
[www.davo1.cz/public/files/pages/original/polepy-vozidel223.jpg]
[www.davo1.cz/public/files/pages/thumbnail/polepy-vozidel223.jpg]
[www.davo1.cz/public/files/pages/original/polepy-vozidel224.jpg]
[www.davo1.cz/public/files/pages/thumbnail/polepy-vozidel224.jpg]
[www.davo1.cz/public/files/pages/original/polepy-vozidel225.jpg]
[www.davo1.cz/public/files/pages/thumbnail/polepy-vozidel225.jpg]
[www.davo1.cz/public/files/pages/original/polepy-vozidel022.jpg]
[www.davo1.cz/public/files/pages/thumbnail/polepy-vozidel022.jpg]
[www.davo1.cz/public/files/pages/original/polepy-vozidel023.jpg]
[www.davo1.cz/public/files/pages/thumbnail/polepy-vozidel023.jpg]
[www.davo1.cz/public/files/pages/original/polepy-vozidel024.jpg]
[www.davo1.cz/public/files/pages/thumbnail/polepy-vozidel024.jpg]
[www.davo1.cz/public/files/pages/original/polepy-vozidel025.jpg]
[www.davo1.cz/public/files/pages/thumbnail/polepy-vozidel025.jpg]
[www.davo1.cz/public/files/pages/original/polepy-vozidel026.jpg]
[www.davo1.cz/public/files/pages/thumbnail/polepy-vozidel026.jpg]
[www.davo1.cz/public/files/pages/original/polepy-vozidel027.jpg]
[www.davo1.cz/public/files/pages/thumbnail/polepy-vozidel027.jpg]
[www.davo1.cz/public/files/pages/original/polepy-vozidel028.jpg]
[www.davo1.cz/public/files/pages/thumbnail/polepy-vozidel028.jpg]
[www.davo1.cz/public/files/pages/original/polepy-vozidel029.jpg]
[www.davo1.cz/public/files/pages/thumbnail/polepy-vozidel029.jpg]
[www.davo1.cz/public/files/pages/original/polepy-vozidel030.jpg]
[www.davo1.cz/public/files/pages/thumbnail/polepy-vozidel030.jpg]
[www.davo1.cz/public/files/pages/original/polepy-vozidel031.jpg]
[www.davo1.cz/public/files/pages/thumbnail/polepy-vozidel031.jpg]
[www.davo1.cz/public/files/pages/original/polepy-vozidel032.jpg]
[www.davo1.cz/public/files/pages/thumbnail/polepy-vozidel032.jpg]
[www.davo1.cz/public/files/pages/original/polepy-vozidel033.jpg]
[www.davo1.cz/public/files/pages/thumbnail/polepy-vozidel033.jpg]
[www.davo1.cz/public/files/pages/original/polepy-vozidel034.jpg]
[www.davo1.cz/public/files/pages/thumbnail/polepy-vozidel034.jpg]
[www.davo1.cz/public/files/pages/original/polepy-vozidel035.jpg]
[www.davo1.cz/public/files/pages/thumbnail/polepy-vozidel035.jpg]
[www.davo1.cz/public/files/pages/original/polepy-vozidel036.jpg]
[www.davo1.cz/public/files/pages/thumbnail/polepy-vozidel036.jpg]
[www.davo1.cz/public/files/pages/original/polepy-vozidel037.jpg]
[www.davo1.cz/public/files/pages/thumbnail/polepy-vozidel037.jpg]
[www.davo1.cz/public/files/pages/original/polepy-vozidel038.jpg]
[www.davo1.cz/public/files/pages/thumbnail/polepy-vozidel038.jpg]
[www.davo1.cz/public/files/pages/original/polepy-vozidel039.jpg]
[www.davo1.cz/public/files/pages/thumbnail/polepy-vozidel039.jpg]
[www.davo1.cz/public/files/pages/original/polepy-vozidel040.jpg]
[www.davo1.cz/public/files/pages/thumbnail/polepy-vozidel040.jpg]
[www.davo1.cz/public/files/pages/original/polepy-vozidel001.jpg]
[www.davo1.cz/public/files/pages/thumbnail/polepy-vozidel001.jpg]
[www.davo1.cz/public/files/pages/original/polepy-vozidel002.jpg]
[www.davo1.cz/public/files/pages/thumbnail/polepy-vozidel002.jpg]
[www.davo1.cz/public/files/pages/original/polepy-vozidel003.jpg]
[www.davo1.cz/public/files/pages/thumbnail/polepy-vozidel003.jpg]
[www.davo1.cz/public/files/pages/original/polepy-vozidel004.jpg]
[www.davo1.cz/public/files/pages/thumbnail/polepy-vozidel004.jpg]
[www.davo1.cz/public/files/pages/original/polepy-vozidel005.jpg]
[www.davo1.cz/public/files/pages/thumbnail/polepy-vozidel005.jpg]
[www.davo1.cz/public/files/pages/original/polepy-vozidel006.jpg]
[www.davo1.cz/public/files/pages/thumbnail/polepy-vozidel006.jpg]
[www.davo1.cz/public/files/pages/original/polepy-vozidel007.jpg]
[www.davo1.cz/public/files/pages/thumbnail/polepy-vozidel007.jpg]
[www.davo1.cz/public/files/pages/original/polepy-vozidel008.jpg]
[www.davo1.cz/public/files/pages/thumbnail/polepy-vozidel008.jpg]
[www.davo1.cz/public/files/pages/original/polepy-vozidel009.jpg]
[www.davo1.cz/public/files/pages/thumbnail/polepy-vozidel009.jpg]
[www.davo1.cz/public/files/pages/original/polepy-vozidel010.jpg]
[www.davo1.cz/public/files/pages/thumbnail/polepy-vozidel010.jpg]
[www.davo1.cz/public/files/pages/original/polepy-vozidel011.jpg]
[www.davo1.cz/public/files/pages/thumbnail/polepy-vozidel011.jpg]
[www.davo1.cz/public/files/pages/original/polepy-vozidel012.jpg]
[www.davo1.cz/public/files/pages/thumbnail/polepy-vozidel012.jpg]
[www.davo1.cz/public/files/pages/original/polepy-vozidel013.jpg]
[www.davo1.cz/public/files/pages/thumbnail/polepy-vozidel013.jpg]
[www.davo1.cz/public/files/pages/original/polepy-vozidel014.jpg]
[www.davo1.cz/public/files/pages/thumbnail/polepy-vozidel014.jpg]
[www.davo1.cz/public/files/pages/original/polepy-vozidel015.jpg]
[www.davo1.cz/public/files/pages/thumbnail/polepy-vozidel015.jpg]
[www.davo1.cz/public/files/pages/original/polepy-vozidel016.jpg]
[www.davo1.cz/public/files/pages/thumbnail/polepy-vozidel016.jpg]
[www.davo1.cz/public/files/pages/original/polepy-vozidel017.jpg]
[www.davo1.cz/public/files/pages/thumbnail/polepy-vozidel017.jpg]
[www.davo1.cz/public/files/pages/original/polepy-vozidel018.jpg]
[www.davo1.cz/public/files/pages/thumbnail/polepy-vozidel018.jpg]
[www.davo1.cz/public/files/pages/original/polepy-vozidel019.jpg]
[www.davo1.cz/public/files/pages/thumbnail/polepy-vozidel019.jpg]
[www.davo1.cz/public/files/pages/original/polepy-vozidel020.jpg]
[www.davo1.cz/public/files/pages/thumbnail/polepy-vozidel020.jpg]
[www.davo1.cz/public/files/pages/original/polepy-vozidel021.jpg]
[www.davo1.cz/public/files/pages/thumbnail/polepy-vozidel021.jpg]
[www.davo1.cz/public/files/pages/original/polepy-vozidel041.jpg]
[www.davo1.cz/public/files/pages/thumbnail/polepy-vozidel041.jpg]
[www.davo1.cz/public/files/pages/original/polepy-vozidel042.jpg]
[www.davo1.cz/public/files/pages/thumbnail/polepy-vozidel042.jpg]
[www.davo1.cz/public/files/pages/original/polepy-vozidel043.jpg]
[www.davo1.cz/public/files/pages/thumbnail/polepy-vozidel043.jpg]
[www.davo1.cz/public/files/pages/original/polepy-vozidel044.jpg]
[www.davo1.cz/public/files/pages/thumbnail/polepy-vozidel044.jpg]
[www.davo1.cz/public/files/pages/original/polepy-vozidel045.jpg]
[www.davo1.cz/public/files/pages/thumbnail/polepy-vozidel045.jpg]
[www.davo1.cz/public/files/pages/original/polepy-vozidel046.jpg]
[www.davo1.cz/public/files/pages/thumbnail/polepy-vozidel046.jpg]
[www.davo1.cz/public/files/pages/original/polepy-vozidel047.jpg]
[www.davo1.cz/public/files/pages/thumbnail/polepy-vozidel047.jpg]
[www.davo1.cz/public/files/pages/original/polepy-vozidel048.jpg]
[www.davo1.cz/public/files/pages/thumbnail/polepy-vozidel048.jpg]
[www.davo1.cz/public/files/pages/original/polepy-vozidel049.jpg]
[www.davo1.cz/public/files/pages/thumbnail/polepy-vozidel049.jpg]
[www.davo1.cz/public/files/pages/original/polepy-vozidel050.jpg]
[www.davo1.cz/public/files/pages/thumbnail/polepy-vozidel050.jpg]
[www.davo1.cz/public/files/pages/original/polepy-vozidel051.jpg]
[www.davo1.cz/public/files/pages/thumbnail/polepy-vozidel051.jpg]
[www.davo1.cz/public/files/pages/original/polepy-vozidel052.jpg]
[www.davo1.cz/public/files/pages/thumbnail/polepy-vozidel052.jpg]
[www.davo1.cz/public/files/pages/original/polepy-vozidel053.jpg]
[www.davo1.cz/public/files/pages/thumbnail/polepy-vozidel053.jpg]
[www.davo1.cz/public/files/pages/original/polepy-vozidel054.jpg]
[www.davo1.cz/public/files/pages/thumbnail/polepy-vozidel054.jpg]
[www.davo1.cz/public/files/pages/original/polepy-vozidel055.jpg]
[www.davo1.cz/public/files/pages/thumbnail/polepy-vozidel055.jpg]
[www.davo1.cz/public/files/pages/original/polepy-vozidel056.jpg]
[www.davo1.cz/public/files/pages/thumbnail/polepy-vozidel056.jpg]
[www.davo1.cz/public/files/pages/original/polepy-vozidel057.jpg]
[www.davo1.cz/public/files/pages/thumbnail/polepy-vozidel057.jpg]
[www.davo1.cz/public/files/pages/original/polepy-vozidel058.jpg]
[www.davo1.cz/public/files/pages/thumbnail/polepy-vozidel058.jpg]
[www.davo1.cz/public/files/pages/original/polepy-vozidel059.jpg]
[www.davo1.cz/public/files/pages/thumbnail/polepy-vozidel059.jpg]
[www.davo1.cz/public/files/pages/original/polepy-vozidel060.jpg]
[www.davo1.cz/public/files/pages/thumbnail/polepy-vozidel060.jpg]
[www.davo1.cz/public/files/pages/original/polepy-vozidel061.jpg]
[www.davo1.cz/public/files/pages/thumbnail/polepy-vozidel061.jpg]
[www.davo1.cz/public/files/pages/original/polepy-vozidel062.jpg]
[www.davo1.cz/public/files/pages/thumbnail/polepy-vozidel062.jpg]
[www.davo1.cz/public/files/pages/original/polepy-vozidel063.jpg]
[www.davo1.cz/public/files/pages/thumbnail/polepy-vozidel063.jpg]
[www.davo1.cz/public/files/pages/original/polepy-vozidel064.jpg]
[www.davo1.cz/public/files/pages/thumbnail/polepy-vozidel064.jpg]
[www.davo1.cz/public/files/pages/original/polepy-vozidel065.jpg]
[www.davo1.cz/public/files/pages/thumbnail/polepy-vozidel065.jpg]
[www.davo1.cz/public/files/pages/original/polepy-vozidel066.jpg]
[www.davo1.cz/public/files/pages/thumbnail/polepy-vozidel066.jpg]
[www.davo1.cz/public/files/pages/original/polepy-vozidel067.jpg]
[www.davo1.cz/public/files/pages/thumbnail/polepy-vozidel067.jpg]
[www.davo1.cz/public/files/pages/original/polepy-vozidel068.jpg]
[www.davo1.cz/public/files/pages/thumbnail/polepy-vozidel068.jpg]
[www.davo1.cz/public/files/pages/original/polepy-vozidel069.jpg]
[www.davo1.cz/public/files/pages/thumbnail/polepy-vozidel069.jpg]
[www.davo1.cz/public/files/pages/original/polepy-vozidel070.jpg]
[www.davo1.cz/public/files/pages/thumbnail/polepy-vozidel070.jpg]
[www.davo1.cz/public/files/pages/original/polepy-vozidel071.jpg]
[www.davo1.cz/public/files/pages/thumbnail/polepy-vozidel071.jpg]
[www.davo1.cz/public/files/pages/original/polepy-vozidel072.jpg]
[www.davo1.cz/public/files/pages/thumbnail/polepy-vozidel072.jpg]
[www.davo1.cz/public/files/pages/original/polepy-vozidel073.jpg]
[www.davo1.cz/public/files/pages/thumbnail/polepy-vozidel073.jpg]
[www.davo1.cz/public/files/pages/original/polepy-vozidel074.jpg]
[www.davo1.cz/public/files/pages/thumbnail/polepy-vozidel074.jpg]
[www.davo1.cz/public/files/pages/original/polepy-vozidel075.jpg]
[www.davo1.cz/public/files/pages/thumbnail/polepy-vozidel075.jpg]
[www.davo1.cz/public/files/pages/original/polepy-vozidel076.jpg]
[www.davo1.cz/public/files/pages/thumbnail/polepy-vozidel076.jpg]
[www.davo1.cz/public/files/pages/original/polepy-vozidel077.jpg]
[www.davo1.cz/public/files/pages/thumbnail/polepy-vozidel077.jpg]
[www.davo1.cz/public/files/pages/original/polepy-vozidel078.jpg]
[www.davo1.cz/public/files/pages/thumbnail/polepy-vozidel078.jpg]
[www.davo1.cz/public/files/pages/original/polepy-vozidel079.jpg]
[www.davo1.cz/public/files/pages/thumbnail/polepy-vozidel079.jpg]
[www.davo1.cz/public/files/pages/original/polepy-vozidel080.jpg]
[www.davo1.cz/public/files/pages/thumbnail/polepy-vozidel080.jpg]
[www.davo1.cz/public/files/pages/original/polepy-vozidel081.jpg]
[www.davo1.cz/public/files/pages/thumbnail/polepy-vozidel081.jpg]
[www.davo1.cz/public/files/pages/original/polepy-vozidel082.jpg]
[www.davo1.cz/public/files/pages/thumbnail/polepy-vozidel082.jpg]
[www.davo1.cz/public/files/pages/original/polepy-vozidel083.jpg]
[www.davo1.cz/public/files/pages/thumbnail/polepy-vozidel083.jpg]
[www.davo1.cz/public/files/pages/original/polepy-vozidel084.jpg]
[www.davo1.cz/public/files/pages/thumbnail/polepy-vozidel084.jpg]
[www.davo1.cz/public/files/pages/original/polepy-vozidel085.jpg]
[www.davo1.cz/public/files/pages/thumbnail/polepy-vozidel085.jpg]
[www.davo1.cz/public/files/pages/original/polepy-vozidel086.jpg]
[www.davo1.cz/public/files/pages/thumbnail/polepy-vozidel086.jpg]
[www.davo1.cz/public/files/pages/original/polepy-vozidel087.jpg]
[www.davo1.cz/public/files/pages/thumbnail/polepy-vozidel087.jpg]
[www.davo1.cz/public/files/pages/original/polepy-vozidel088.jpg]
[www.davo1.cz/public/files/pages/thumbnail/polepy-vozidel088.jpg]
[www.davo1.cz/public/files/pages/original/polepy-vozidel089.jpg]
[www.davo1.cz/public/files/pages/thumbnail/polepy-vozidel089.jpg]
[www.davo1.cz/public/files/pages/original/polepy-vozidel091.jpg]
[www.davo1.cz/public/files/pages/thumbnail/polepy-vozidel091.jpg]
[www.davo1.cz/public/files/pages/original/polepy-vozidel092.jpg]
[www.davo1.cz/public/files/pages/thumbnail/polepy-vozidel092.jpg]
[www.davo1.cz/public/files/pages/original/polepy-vozidel094.jpg]
[www.davo1.cz/public/files/pages/thumbnail/polepy-vozidel094.jpg]
[www.davo1.cz/public/files/pages/original/polepy-vozidel095.jpg]
[www.davo1.cz/public/files/pages/thumbnail/polepy-vozidel095.jpg]
[www.davo1.cz/public/files/pages/original/polepy-vozidel096.jpg]
[www.davo1.cz/public/files/pages/thumbnail/polepy-vozidel096.jpg]
[www.davo1.cz/public/files/pages/original/polepy-vozidel097.jpg]
[www.davo1.cz/public/files/pages/thumbnail/polepy-vozidel097.jpg]
[www.davo1.cz/public/files/pages/original/polepy-vozidel098.jpg]
[www.davo1.cz/public/files/pages/thumbnail/polepy-vozidel098.jpg]
[www.davo1.cz/public/files/pages/original/polepy-vozidel099.jpg]
[www.davo1.cz/public/files/pages/thumbnail/polepy-vozidel099.jpg]
[www.davo1.cz/public/files/pages/original/polepy-vozidel100.jpg]
[www.davo1.cz/public/files/pages/thumbnail/polepy-vozidel100.jpg]
[www.davo1.cz/public/files/pages/original/polepy-vozidel101.jpg]
[www.davo1.cz/public/files/pages/thumbnail/polepy-vozidel101.jpg]
[www.davo1.cz/public/files/pages/original/polepy-vozidel102.jpg]
[www.davo1.cz/public/files/pages/thumbnail/polepy-vozidel102.jpg]
[www.davo1.cz/front/scripts/main96cd.js]
[www.davo1.cz/polepy-vozidel-97.html]
[www.davo1.cz/public/files/pages/original/tisk01.jpg]
[www.davo1.cz/public/files/pages/thumbnail/tisk01.jpg]
[www.davo1.cz/public/files/pages/original/tisk02.jpg]
[www.davo1.cz/public/files/pages/thumbnail/tisk02.jpg]
[www.davo1.cz/public/files/pages/original/tisk03.jpg]
[www.davo1.cz/public/files/pages/thumbnail/tisk03.jpg]
[www.davo1.cz/public/files/pages/original/tisk04.jpg]
[www.davo1.cz/public/files/pages/thumbnail/tisk04.jpg]
[www.davo1.cz/public/files/pages/original/tisk05.jpg]
[www.davo1.cz/public/files/pages/thumbnail/tisk05.jpg]
[www.davo1.cz/public/files/pages/original/tisk06.jpg]
[www.davo1.cz/public/files/pages/thumbnail/tisk06.jpg]
[www.davo1.cz/public/files/pages/original/tisk07.jpg]
[www.davo1.cz/public/files/pages/thumbnail/tisk07.jpg]
[www.davo1.cz/public/files/pages/original/tisk08.jpg]
[www.davo1.cz/public/files/pages/thumbnail/tisk08.jpg]
[www.davo1.cz/public/files/pages/original/tisk09.jpg]
[www.davo1.cz/public/files/pages/thumbnail/tisk09.jpg]
[www.davo1.cz/public/files/pages/original/tisk10.jpg]
[www.davo1.cz/public/files/pages/thumbnail/tisk10.jpg]
[www.davo1.cz/public/files/pages/original/tisk11.jpg]
[www.davo1.cz/public/files/pages/thumbnail/tisk11.jpg]
[www.davo1.cz/public/files/pages/original/tisk12.jpg]
[www.davo1.cz/public/files/pages/thumbnail/tisk12.jpg]
[www.davo1.cz/public/files/pages/original/tisk13.jpg]
[www.davo1.cz/public/files/pages/thumbnail/tisk13.jpg]
[www.davo1.cz/tisk-servis-98.html]
[www.davo1.cz/public/files/pages/original/webdesign20.jpg]
[www.davo1.cz/public/files/pages/thumbnail/webdesign20.jpg]
[www.davo1.cz/public/files/pages/original/webdesign21.jpg]
[www.davo1.cz/public/files/pages/thumbnail/webdesign21.jpg]
[www.davo1.cz/public/files/pages/original/webdesign11.jpg]
[www.davo1.cz/public/files/pages/thumbnail/webdesign11.jpg]
[www.davo1.cz/public/files/pages/original/webdesign12.jpg]
[www.davo1.cz/public/files/pages/thumbnail/webdesign12.jpg]
[www.davo1.cz/public/files/pages/original/webdesign16.jpg]
[www.davo1.cz/public/files/pages/thumbnail/webdesign16.jpg]
[www.davo1.cz/public/files/pages/original/webdesign14.jpg]
[www.davo1.cz/public/files/pages/thumbnail/webdesign14.jpg]
[www.davo1.cz/public/files/pages/original/webdesign01.jpg]
[www.davo1.cz/public/files/pages/thumbnail/webdesign01.jpg]
[www.davo1.cz/public/files/pages/original/webdesign02.jpg]
[www.davo1.cz/public/files/pages/thumbnail/webdesign02.jpg]
[www.davo1.cz/public/files/pages/original/webdesign03.jpg]
[www.davo1.cz/public/files/pages/thumbnail/webdesign03.jpg]
[www.davo1.cz/public/files/pages/original/webdesign04.jpg]
[www.davo1.cz/public/files/pages/thumbnail/webdesign04.jpg]
[www.davo1.cz/public/files/pages/original/webdesign05.jpg]
[www.davo1.cz/public/files/pages/thumbnail/webdesign05.jpg]
[www.davo1.cz/public/files/pages/original/webdesign06.jpg]
[www.davo1.cz/public/files/pages/thumbnail/webdesign06.jpg]
[www.davo1.cz/public/files/pages/original/webdesign07.jpg]
[www.davo1.cz/public/files/pages/thumbnail/webdesign07.jpg]
[www.davo1.cz/public/files/pages/original/webdesign08.jpg]
[www.davo1.cz/public/files/pages/thumbnail/webdesign08.jpg]
[www.davo1.cz/public/files/pages/original/webdesign09.jpg]
[www.davo1.cz/public/files/pages/thumbnail/webdesign09.jpg]
[www.davo1.cz/front/scripts/main004e.js]
[www.davo1.cz/web-design-99.html]
[www.davo1.cz/public/files/pages/original/potisk-textilu12.jpg]
[www.davo1.cz/public/files/pages/thumbnail/potisk-textilu12.jpg]
[www.davo1.cz/public/files/pages/original/potisk-textilu02.jpg]
[www.davo1.cz/public/files/pages/thumbnail/potisk-textilu02.jpg]
[www.davo1.cz/public/files/pages/original/potisk-textilu03.jpg]
[www.davo1.cz/public/files/pages/thumbnail/potisk-textilu03.jpg]
[www.davo1.cz/public/files/pages/original/potisk-textilu04.jpg]
[www.davo1.cz/public/files/pages/thumbnail/potisk-textilu04.jpg]
[www.davo1.cz/public/files/pages/original/potisk-textilu09.jpg]
[www.davo1.cz/public/files/pages/thumbnail/potisk-textilu09.jpg]
[www.davo1.cz/public/files/pages/original/potisk-textilu10.jpg]
[www.davo1.cz/public/files/pages/thumbnail/potisk-textilu10.jpg]
[www.davo1.cz/public/files/pages/original/potisk-textilu11.jpg]
[www.davo1.cz/public/files/pages/thumbnail/potisk-textilu11.jpg]
[www.davo1.cz/public/files/pages/original/potisk-textilu01.jpg]
[www.davo1.cz/public/files/pages/thumbnail/potisk-textilu01.jpg]
[www.davo1.cz/public/files/pages/original/potisk-textilu05.jpg]
[www.davo1.cz/public/files/pages/thumbnail/potisk-textilu05.jpg]
[www.davo1.cz/public/files/pages/original/potisk-textilu06.jpg]
[www.davo1.cz/public/files/pages/thumbnail/potisk-textilu06.jpg]
[www.davo1.cz/public/files/pages/original/potisk-textilu07.jpg]
[www.davo1.cz/public/files/pages/thumbnail/potisk-textilu07.jpg]
[www.davo1.cz/public/files/pages/original/potisk-textilu08.jpg]
[www.davo1.cz/public/files/pages/thumbnail/potisk-textilu08.jpg]
[www.davo1.cz/potisk-textilu-100.html]
[www.davo1.cz/front/scripts/main5195.js]
[www.davo1.cz/reference-101.html]
[www.davo1.cz/servis-103.html]
[www.davo1.cz/public/files/pages/original/signmaking001.jpg]
[www.davo1.cz/public/files/pages/thumbnail/signmaking001.jpg]
[www.davo1.cz/public/files/pages/original/signmaking002.jpg]
[www.davo1.cz/public/files/pages/thumbnail/signmaking002.jpg]
[www.davo1.cz/public/files/pages/original/signmaking003.jpg]
[www.davo1.cz/public/files/pages/thumbnail/signmaking003.jpg]
[www.davo1.cz/public/files/pages/original/signmaking004.jpg]
[www.davo1.cz/public/files/pages/thumbnail/signmaking004.jpg]
[www.davo1.cz/public/files/pages/original/signmaking005.jpg]
[www.davo1.cz/public/files/pages/thumbnail/signmaking005.jpg]
[www.davo1.cz/public/files/pages/original/signmaking006.jpg]
[www.davo1.cz/public/files/pages/thumbnail/signmaking006.jpg]
[www.davo1.cz/public/files/pages/original/signmaking007.jpg]
[www.davo1.cz/public/files/pages/thumbnail/signmaking007.jpg]
[www.davo1.cz/public/files/pages/original/signmaking008.jpg]
[www.davo1.cz/public/files/pages/thumbnail/signmaking008.jpg]
[www.davo1.cz/public/files/pages/original/signmaking009.jpg]
[www.davo1.cz/public/files/pages/thumbnail/signmaking009.jpg]
[www.davo1.cz/public/files/pages/original/signmaking010.jpg]
[www.davo1.cz/public/files/pages/thumbnail/signmaking010.jpg]
[www.davo1.cz/public/files/pages/original/signmaking011.jpg]
[www.davo1.cz/public/files/pages/thumbnail/signmaking011.jpg]
[www.davo1.cz/public/files/pages/original/signmaking012.jpg]
[www.davo1.cz/public/files/pages/thumbnail/signmaking012.jpg]
[www.davo1.cz/public/files/pages/original/signmaking013.jpg]
[www.davo1.cz/public/files/pages/thumbnail/signmaking013.jpg]
[www.davo1.cz/public/files/pages/original/signmaking014.jpg]
[www.davo1.cz/public/files/pages/thumbnail/signmaking014.jpg]
[www.davo1.cz/public/files/pages/original/signmaking016.jpg]
[www.davo1.cz/public/files/pages/thumbnail/signmaking016.jpg]
[www.davo1.cz/public/files/pages/original/signmaking017.jpg]
[www.davo1.cz/public/files/pages/thumbnail/signmaking017.jpg]
[www.davo1.cz/public/files/pages/original/signmaking018.jpg]
[www.davo1.cz/public/files/pages/thumbnail/signmaking018.jpg]
[www.davo1.cz/public/files/pages/original/signmaking019.jpg]
[www.davo1.cz/public/files/pages/thumbnail/signmaking019.jpg]
[www.davo1.cz/public/files/pages/original/signmaking020.jpg]
[www.davo1.cz/public/files/pages/thumbnail/signmaking020.jpg]
[www.davo1.cz/public/files/pages/original/signmaking021.jpg]
[www.davo1.cz/public/files/pages/thumbnail/signmaking021.jpg]
[www.davo1.cz/public/files/pages/original/signmaking022.jpg]
[www.davo1.cz/public/files/pages/thumbnail/signmaking022.jpg]
[www.davo1.cz/public/files/pages/original/signmaking023.jpg]
[www.davo1.cz/public/files/pages/thumbnail/signmaking023.jpg]
[www.davo1.cz/public/files/pages/original/signmaking024.jpg]
[www.davo1.cz/public/files/pages/thumbnail/signmaking024.jpg]
[www.davo1.cz/public/files/pages/original/signmaking025.jpg]
[www.davo1.cz/public/files/pages/thumbnail/signmaking025.jpg]
[www.davo1.cz/public/files/pages/original/signmaking026.jpg]
[www.davo1.cz/public/files/pages/thumbnail/signmaking026.jpg]
[www.davo1.cz/public/files/pages/original/signmaking027.jpg]
[www.davo1.cz/public/files/pages/thumbnail/signmaking027.jpg]
[www.davo1.cz/public/files/pages/original/signmaking028.jpg]
[www.davo1.cz/public/files/pages/thumbnail/signmaking028.jpg]
[www.davo1.cz/public/files/pages/original/signmaking029.jpg]
[www.davo1.cz/public/files/pages/thumbnail/signmaking029.jpg]
[www.davo1.cz/public/files/pages/original/signmaking030.jpg]
[www.davo1.cz/public/files/pages/thumbnail/signmaking030.jpg]
[www.davo1.cz/public/files/pages/original/signmaking031.jpg]
[www.davo1.cz/public/files/pages/thumbnail/signmaking031.jpg]
[www.davo1.cz/public/files/pages/original/signmaking032.jpg]
[www.davo1.cz/public/files/pages/thumbnail/signmaking032.jpg]
[www.davo1.cz/public/files/pages/original/signmaking033.jpg]
[www.davo1.cz/public/files/pages/thumbnail/signmaking033.jpg]
[www.davo1.cz/public/files/pages/original/signmaking034.jpg]
[www.davo1.cz/public/files/pages/thumbnail/signmaking034.jpg]
[www.davo1.cz/public/files/pages/original/signmaking035.jpg]
[www.davo1.cz/public/files/pages/thumbnail/signmaking035.jpg]
[www.davo1.cz/public/files/pages/original/signmaking036.jpg]
[www.davo1.cz/public/files/pages/thumbnail/signmaking036.jpg]
[www.davo1.cz/public/files/pages/original/signmaking037.jpg]
[www.davo1.cz/public/files/pages/thumbnail/signmaking037.jpg]
[www.davo1.cz/public/files/pages/original/signmaking038.jpg]
[www.davo1.cz/public/files/pages/thumbnail/signmaking038.jpg]
[www.davo1.cz/public/files/pages/original/signmaking039.jpg]
[www.davo1.cz/public/files/pages/thumbnail/signmaking039.jpg]
[www.davo1.cz/public/files/pages/original/signmaking040.jpg]
[www.davo1.cz/public/files/pages/thumbnail/signmaking040.jpg]
[www.davo1.cz/public/files/pages/original/signmaking041.jpg]
[www.davo1.cz/public/files/pages/thumbnail/signmaking041.jpg]
[www.davo1.cz/public/files/pages/original/signmaking042.jpg]
[www.davo1.cz/public/files/pages/thumbnail/signmaking042.jpg]
[www.davo1.cz/public/files/pages/original/signmaking043.jpg]
[www.davo1.cz/public/files/pages/thumbnail/signmaking043.jpg]
[www.davo1.cz/public/files/pages/original/signmaking044.jpg]
[www.davo1.cz/public/files/pages/thumbnail/signmaking044.jpg]
[www.davo1.cz/public/files/pages/original/signmaking045.jpg]
[www.davo1.cz/public/files/pages/thumbnail/signmaking045.jpg]
[www.davo1.cz/public/files/pages/original/signmaking046.jpg]
[www.davo1.cz/public/files/pages/thumbnail/signmaking046.jpg]
[www.davo1.cz/public/files/pages/original/signmaking047.jpg]
[www.davo1.cz/public/files/pages/thumbnail/signmaking047.jpg]
[www.davo1.cz/public/files/pages/original/signmaking048.jpg]
[www.davo1.cz/public/files/pages/thumbnail/signmaking048.jpg]
[www.davo1.cz/public/files/pages/original/signmaking049.jpg]
[www.davo1.cz/public/files/pages/thumbnail/signmaking049.jpg]
[www.davo1.cz/public/files/pages/original/signmaking050.jpg]
[www.davo1.cz/public/files/pages/thumbnail/signmaking050.jpg]
[www.davo1.cz/public/files/pages/original/signmaking051.jpg]
[www.davo1.cz/public/files/pages/thumbnail/signmaking051.jpg]
[www.davo1.cz/public/files/pages/original/signmaking052.jpg]
[www.davo1.cz/public/files/pages/thumbnail/signmaking052.jpg]
[www.davo1.cz/public/files/pages/original/signmaking053.jpg]
[www.davo1.cz/public/files/pages/thumbnail/signmaking053.jpg]
[www.davo1.cz/public/files/pages/original/signmaking054.jpg]
[www.davo1.cz/public/files/pages/thumbnail/signmaking054.jpg]
[www.davo1.cz/public/files/pages/original/signmaking055.jpg]
[www.davo1.cz/public/files/pages/thumbnail/signmaking055.jpg]
[www.davo1.cz/public/files/pages/original/signmaking056.jpg]
[www.davo1.cz/public/files/pages/thumbnail/signmaking056.jpg]
[www.davo1.cz/public/files/pages/original/signmaking057.jpg]
[www.davo1.cz/public/files/pages/thumbnail/signmaking057.jpg]
[www.davo1.cz/public/files/pages/original/signmaking058.jpg]
[www.davo1.cz/public/files/pages/thumbnail/signmaking058.jpg]
[www.davo1.cz/public/files/pages/original/signmaking059.jpg]
[www.davo1.cz/public/files/pages/thumbnail/signmaking059.jpg]
[www.davo1.cz/public/files/pages/original/signmaking060.jpg]
[www.davo1.cz/public/files/pages/thumbnail/signmaking060.jpg]
[www.davo1.cz/public/files/pages/original/signmaking061.jpg]
[www.davo1.cz/public/files/pages/thumbnail/signmaking061.jpg]
[www.davo1.cz/public/files/pages/original/signmaking062.jpg]
[www.davo1.cz/public/files/pages/thumbnail/signmaking062.jpg]
[www.davo1.cz/public/files/pages/original/signmaking063.jpg]
[www.davo1.cz/public/files/pages/thumbnail/signmaking063.jpg]
[www.davo1.cz/public/files/pages/original/signmaking064.jpg]
[www.davo1.cz/public/files/pages/thumbnail/signmaking064.jpg]
[www.davo1.cz/public/files/pages/original/signmaking065.jpg]
[www.davo1.cz/public/files/pages/thumbnail/signmaking065.jpg]
[www.davo1.cz/public/files/pages/original/signmaking066.jpg]
[www.davo1.cz/public/files/pages/thumbnail/signmaking066.jpg]
[www.davo1.cz/public/files/pages/original/signmaking067.jpg]
[www.davo1.cz/public/files/pages/thumbnail/signmaking067.jpg]
[www.davo1.cz/public/files/pages/original/signmaking068.jpg]
[www.davo1.cz/public/files/pages/thumbnail/signmaking068.jpg]
[www.davo1.cz/public/files/pages/original/signmaking069.jpg]
[www.davo1.cz/public/files/pages/thumbnail/signmaking069.jpg]
[www.davo1.cz/public/files/pages/original/signmaking070.jpg]
[www.davo1.cz/public/files/pages/thumbnail/signmaking070.jpg]
[www.davo1.cz/public/files/pages/original/signmaking071.jpg]
[www.davo1.cz/public/files/pages/thumbnail/signmaking071.jpg]
[www.davo1.cz/public/files/pages/original/signmaking072.jpg]
[www.davo1.cz/public/files/pages/thumbnail/signmaking072.jpg]
[www.davo1.cz/public/files/pages/original/signmaking073.jpg]
[www.davo1.cz/public/files/pages/thumbnail/signmaking073.jpg]
[www.davo1.cz/public/files/pages/original/signmaking074.jpg]
[www.davo1.cz/public/files/pages/thumbnail/signmaking074.jpg]
[www.davo1.cz/public/files/pages/original/signmaking075.jpg]
[www.davo1.cz/public/files/pages/thumbnail/signmaking075.jpg]
[www.davo1.cz/public/files/pages/original/signmaking076.jpg]
[www.davo1.cz/public/files/pages/thumbnail/signmaking076.jpg]
[www.davo1.cz/public/files/pages/original/signmaking077.jpg]
[www.davo1.cz/public/files/pages/thumbnail/signmaking077.jpg]
[www.davo1.cz/public/files/pages/original/signmaking078.jpg]
[www.davo1.cz/public/files/pages/thumbnail/signmaking078.jpg]
[www.davo1.cz/public/files/pages/original/signmaking079.jpg]
[www.davo1.cz/public/files/pages/thumbnail/signmaking079.jpg]
[www.davo1.cz/public/files/pages/original/signmaking080.jpg]
[www.davo1.cz/public/files/pages/thumbnail/signmaking080.jpg]
[www.davo1.cz/public/files/pages/original/signmaking081.jpg]
[www.davo1.cz/public/files/pages/thumbnail/signmaking081.jpg]
[www.davo1.cz/public/files/pages/original/signmaking082.jpg]
[www.davo1.cz/public/files/pages/thumbnail/signmaking082.jpg]
[www.davo1.cz/public/files/pages/original/signmaking083.jpg]
[www.davo1.cz/public/files/pages/thumbnail/signmaking083.jpg]
[www.davo1.cz/public/files/pages/original/signmaking084.jpg]
[www.davo1.cz/public/files/pages/thumbnail/signmaking084.jpg]
[www.davo1.cz/public/files/pages/original/signmaking085.jpg]
[www.davo1.cz/public/files/pages/thumbnail/signmaking085.jpg]
[www.davo1.cz/public/files/pages/original/signmaking086.jpg]
[www.davo1.cz/public/files/pages/thumbnail/signmaking086.jpg]
[www.davo1.cz/public/files/pages/original/signmaking087.jpg]
[www.davo1.cz/public/files/pages/thumbnail/signmaking087.jpg]
[www.davo1.cz/public/files/pages/original/signmaking088.jpg]
[www.davo1.cz/public/files/pages/thumbnail/signmaking088.jpg]
[www.davo1.cz/public/files/pages/original/signmaking089.jpg]
[www.davo1.cz/public/files/pages/thumbnail/signmaking089.jpg]
[www.davo1.cz/public/files/pages/original/signmaking090.jpg]
[www.davo1.cz/public/files/pages/thumbnail/signmaking090.jpg]
[www.davo1.cz/public/files/pages/original/signmaking091.jpg]
[www.davo1.cz/public/files/pages/thumbnail/signmaking091.jpg]
[www.davo1.cz/public/files/pages/original/signmaking092.jpg]
[www.davo1.cz/public/files/pages/thumbnail/signmaking092.jpg]
[www.davo1.cz/public/files/pages/original/signmaking093.jpg]
[www.davo1.cz/public/files/pages/thumbnail/signmaking093.jpg]
[www.davo1.cz/public/files/pages/original/signmaking094.jpg]
[www.davo1.cz/public/files/pages/thumbnail/signmaking094.jpg]
[www.davo1.cz/public/files/pages/original/signmaking095.jpg]
[www.davo1.cz/public/files/pages/thumbnail/signmaking095.jpg]
[www.davo1.cz/public/files/pages/original/signmaking096.jpg]
[www.davo1.cz/public/files/pages/thumbnail/signmaking096.jpg]
[www.davo1.cz/public/files/pages/original/signmaking097.jpg]
[www.davo1.cz/public/files/pages/thumbnail/signmaking097.jpg]
[www.davo1.cz/public/files/pages/original/signmaking098.jpg]
[www.davo1.cz/public/files/pages/thumbnail/signmaking098.jpg]
[www.davo1.cz/public/files/pages/original/signmaking099.jpg]
[www.davo1.cz/public/files/pages/thumbnail/signmaking099.jpg]
[www.davo1.cz/public/files/pages/original/signmaking100.jpg]
[www.davo1.cz/public/files/pages/thumbnail/signmaking100.jpg]
[www.davo1.cz/public/files/pages/original/signmaking101.jpg]
[www.davo1.cz/public/files/pages/thumbnail/signmaking101.jpg]
[www.davo1.cz/public/files/pages/original/signmaking102.jpg]
[www.davo1.cz/public/files/pages/thumbnail/signmaking102.jpg]
[www.davo1.cz/public/files/pages/original/signmaking103.jpg]
[www.davo1.cz/public/files/pages/thumbnail/signmaking103.jpg]
[www.davo1.cz/public/files/pages/original/signmaking104.jpg]
[www.davo1.cz/public/files/pages/thumbnail/signmaking104.jpg]
[www.davo1.cz/public/files/pages/original/signmaking105.jpg]
[www.davo1.cz/public/files/pages/thumbnail/signmaking105.jpg]
[www.davo1.cz/public/files/pages/original/signmaking106.jpg]
[www.davo1.cz/public/files/pages/thumbnail/signmaking106.jpg]
[www.davo1.cz/public/files/pages/original/signmaking107.jpg]
[www.davo1.cz/public/files/pages/thumbnail/signmaking107.jpg]
[www.davo1.cz/public/files/pages/original/signmaking108.jpg]
[www.davo1.cz/public/files/pages/thumbnail/signmaking108.jpg]
[www.davo1.cz/public/files/pages/original/signmaking109.jpg]
[www.davo1.cz/public/files/pages/thumbnail/signmaking109.jpg]
[www.davo1.cz/public/files/pages/original/signmaking110.jpg]
[www.davo1.cz/public/files/pages/thumbnail/signmaking110.jpg]
[www.davo1.cz/public/files/pages/original/signmaking111.jpg]
[www.davo1.cz/public/files/pages/thumbnail/signmaking111.jpg]
[www.davo1.cz/public/files/pages/original/signmaking112.jpg]
[www.davo1.cz/public/files/pages/thumbnail/signmaking112.jpg]
[www.davo1.cz/public/files/pages/original/signmaking113.jpg]
[www.davo1.cz/public/files/pages/thumbnail/signmaking113.jpg]
[www.davo1.cz/public/files/pages/original/signmaking114.jpg]
[www.davo1.cz/public/files/pages/thumbnail/signmaking114.jpg]
[www.davo1.cz/public/files/pages/original/signmaking115.jpg]
[www.davo1.cz/public/files/pages/thumbnail/signmaking115.jpg]
[www.davo1.cz/public/files/pages/original/signmaking116.jpg]
[www.davo1.cz/public/files/pages/thumbnail/signmaking116.jpg]
[www.davo1.cz/public/files/pages/original/signmaking117.jpg]
[www.davo1.cz/public/files/pages/thumbnail/signmaking117.jpg]
[www.davo1.cz/public/files/pages/original/signmaking118.jpg]
[www.davo1.cz/public/files/pages/thumbnail/signmaking118.jpg]
[www.davo1.cz/public/files/pages/original/signmaking119.jpg]
[www.davo1.cz/public/files/pages/thumbnail/signmaking119.jpg]
[www.davo1.cz/public/files/pages/original/signmaking120.jpg]
[www.davo1.cz/public/files/pages/thumbnail/signmaking120.jpg]
[www.davo1.cz/public/files/pages/original/signmaking121.jpg]
[www.davo1.cz/public/files/pages/thumbnail/signmaking121.jpg]
[www.davo1.cz/public/files/pages/original/signmaking122.jpg]
[www.davo1.cz/public/files/pages/thumbnail/signmaking122.jpg]
[www.davo1.cz/public/files/pages/original/signmaking123.jpg]
[www.davo1.cz/public/files/pages/thumbnail/signmaking123.jpg]
[www.davo1.cz/public/files/pages/original/signmaking124.jpg]
[www.davo1.cz/public/files/pages/thumbnail/signmaking124.jpg]
[www.davo1.cz/public/files/pages/original/signmaking125.jpg]
[www.davo1.cz/public/files/pages/thumbnail/signmaking125.jpg]
[www.davo1.cz/public/files/pages/original/signmaking126.jpg]
[www.davo1.cz/public/files/pages/thumbnail/signmaking126.jpg]
[www.davo1.cz/public/files/pages/original/signmaking127.jpg]
[www.davo1.cz/public/files/pages/thumbnail/signmaking127.jpg]
[www.davo1.cz/public/files/pages/original/signmaking128.jpg]
[www.davo1.cz/public/files/pages/thumbnail/signmaking128.jpg]
[www.davo1.cz/public/files/pages/original/signmaking129.jpg]
[www.davo1.cz/public/files/pages/thumbnail/signmaking129.jpg]
[www.davo1.cz/public/files/pages/original/signmaking130.jpg]
[www.davo1.cz/public/files/pages/thumbnail/signmaking130.jpg]
[www.davo1.cz/public/files/pages/original/signmaking131.jpg]
[www.davo1.cz/public/files/pages/thumbnail/signmaking131.jpg]
[www.davo1.cz/public/files/pages/original/signmaking132.jpg]
[www.davo1.cz/public/files/pages/thumbnail/signmaking132.jpg]
[www.davo1.cz/front/scripts/main75c2.js]
[www.davo1.cz/venkovni-reklama-78.html]
[www.davo1.cz/stranka-82-82.html]
[www.davo1.cz/public/files/products_categories/original/credit-card.svg]
[www.davo1.cz/stranka-86-86.html]
[www.davo1.cz/public/files/products_categories/original/flyer-for-promotion.svg]
[www.davo1.cz/stranka-87-87.html]
[www.davo1.cz/public/files/products_categories/original/triptych-paper-outline.svg]
[www.davo1.cz/stranka-88-88.html]
[www.davo1.cz/public/files/products_categories/original/poster.svg]
[www.davo1.cz/stranka-89-89.html]
[www.davo1.cz/public/files/products_categories/original/letter-with-stamp.svg]
[www.davo1.cz/stranka-91-91.html]
[www.davo1.cz/public/files/products_categories/original/circular-sticker.svg]
[www.davo1.cz/stranka-90-90.html]
[www.davo1.cz/public/files/products_categories/original/contract.svg]
[www.davo1.cz/stranka-92-92.html]
[www.davo1.cz/public/files/products_categories/original/notebook-of-spring-with-lines-page.svg]
[www.davo1.cz/stranka-131-131.html]
[www.davo1.cz/public/files/products_categories/original/katalogy-1655.png]
[www.davo1.cz/stranka-93-93.html]
[www.davo1.cz/public/files/products_categories/original/calendar.svg]
[www.davo1.cz/stranka-94-94.html]
[www.davo1.cz/public/files/products_categories/original/slozky-a4-494.png]
[www.davo1.cz/stranka-95-95.html]
[www.davo1.cz/public/files/products_categories/original/letters.svg]
[www.davo1.cz/stranka-85-85.html]
[www.davo1.cz/public/files/products_categories/original/plachty-bannery-516.png]
[www.davo1.cz/stranka-96-96.html]
[www.davo1.cz/public/files/products_categories/original/polepy-folie-524.png]
[www.davo1.cz/stranka-97-97.html]
[www.davo1.cz/public/files/products_categories/original/rollup-01.svg]
[www.davo1.cz/stranka-98-98.html]
[www.davo1.cz/public/files/products_categories/original/x-banner-517.png]
[www.davo1.cz/stranka-116-116.html]
[www.davo1.cz/public/files/products_categories/original/plakaty-v-roli-523.png]
[www.davo1.cz/stranka-99-99.html]
[www.davo1.cz/public/files/products_categories/original/bar-graph-presentation-with-a-stand.svg]
[www.davo1.cz/stranka-100-100.html]
[www.davo1.cz/public/files/products_categories/original/frame-landscape.svg]
[www.davo1.cz/stranka-102-102.html]
[www.davo1.cz/public/files/products_categories/original/road-banner.svg]
[www.davo1.cz/stranka-101-101.html]
[www.davo1.cz/public/files/products_categories/original/vlajky-bez-konstrukce-525.png]
[www.davo1.cz/stranka-114-114.html]
[www.davo1.cz/public/files/products_categories/original/vlajky-s-konstrukci-488.png]
[www.davo1.cz/stranka-113-113.html]
[www.davo1.cz/public/files/products_categories/original/razitka-489.png]
[www.davo1.cz/stranka-119-119.html]
[www.davo1.cz/public/files/products_categories/original/acko-556.png]
[www.davo1.cz/stranka-120-120.html]
[www.davo1.cz/public/files/products_categories/original/webove-stranky-990-555.png]
[www.davo1.cz/stranka-125-125.html]
[www.davo1.cz/public/files/products_categories/original/rubikovy-kostky-1504.png]
[www.davo1.cz/stranka-130-130.html]
[www.davo1.cz/public/files/products_categories/original/plastove-karty-1654.png]
[www.davo1.cz/stranka-132-132.html]
[www.davo1.cz/public/files/products_categories/original/klicenky-na-krk-2876.png]
[www.davo1.cz/stranka-133-133.html]
[www.davo1.cz/public/files/products_categories/original/placky-buttony-1826.png]
[www.davo1.cz/stranka-134-134.html]
[www.davo1.cz/public/files/products_categories/original/magnetky-2059.png]
[www.davo1.cz/stranka-135-135.html]
[www.davo1.cz/public/files/products_categories/original/promo-stolek-2914.png]
[www.davo1.cz/stranka-137-137.html]
[www.davo1.cz/public/files/products_categories/original/klapramy-3092.png]
[www.davo1.cz/stranka-139-139.html]
[www.davo1.cz/public/files/products_categories/original/promosteny-3093.png]
[www.davo1.cz/stranka-140-140.html]
[www.davo1.cz/public/files/products_categories/original/hrnky-3094.png]
[www.davo1.cz/nabidka-tiskovin.html]
[www.davo1.cz/front/scripts/main8559.js]
[www.davo1.cz/e-shop-94.html]
[www.davo1.cz/front/scripts/main038a.js]
[www.davo1.cz/customer3d24.html]
[www.davo1.cz/cart.html]
[www.davo1.cz/front/styles/fonts/InoveStudio/InoveStudio5fe4.svg]
[www.davo1.cz/front/styles/font-awesome/fonts/fontawesome-webfont5b62.svg]
[www.davo1.cz/public/files/products_categories/original/vizitky-sarpet.jpg]
[www.davo1.cz/public/files/products_categories/original/vizitky-taxi.jpg]
[www.davo1.cz/public/files/products_categories/original/vizitky-strukturovany-papir-linen-270g.jpg]
[www.davo1.cz/public/files/products_categories/original/vizitky-strukturovany-papir-metallic-250g.jpg]
[www.davo1.cz/public/files/products_categories/original/vizitkar.jpg]
[www.davo1.cz/front/scripts/main9bc5.js]
[www.davo1.cz/stranka-82-82.html]
[www.davo1.cz/public/files/products_categories/original/credit-card.svg]
[www.davo1.cz/public/files/products_categories/original/letaky-sarpet.jpg]
[www.davo1.cz/stranka-86-86.html]
[www.davo1.cz/public/files/products_categories/original/flyer-for-promotion.svg]
[www.davo1.cz/front/scripts/main9e35.js]
[www.davo1.cz/stranka-87-87.html]
[www.davo1.cz/public/files/products_categories/original/triptych-paper-outline.svg]
[www.davo1.cz/front/scripts/maine013.js]
[www.davo1.cz/stranka-88-88.html]
[www.davo1.cz/public/files/products_categories/original/poster.svg]
[www.davo1.cz/front/scripts/main2754.js]
[www.davo1.cz/stranka-89-89.html]
[www.davo1.cz/public/files/products_categories/original/letter-with-stamp.svg]
[www.davo1.cz/front/scripts/mainb44c.js]
[www.davo1.cz/stranka-91-91.html]
[www.davo1.cz/public/files/products_categories/original/circular-sticker.svg]
[www.davo1.cz/front/scripts/main4472.js]
[www.davo1.cz/stranka-90-90.html]
[www.davo1.cz/public/files/products_categories/original/contract.svg]
[www.davo1.cz/front/scripts/maindc3a.js]
[www.davo1.cz/public/files/products_categories/original/blok-sarpet.jpg]
[www.davo1.cz/public/files/products_categories/original/poznamkovy-blok-vzor-grafika.jpg]
[www.davo1.cz/stranka-92-92.html]
[www.davo1.cz/front/scripts/main786a.js]
[www.davo1.cz/public/files/products_categories/original/notebook-of-spring-with-lines-page.svg]
[www.davo1.cz/stranka-131-131.html]
[www.davo1.cz/stranka-93-93.html]
[www.davo1.cz/public/files/products_categories/original/calendar.svg]
[www.davo1.cz/front/scripts/mainf07a.js]
[www.davo1.cz/stranka-94-94.html]
[www.davo1.cz/front/scripts/main7bf8.js]
[www.davo1.cz/public/files/products_categories/original/obalka-1.jpg]
[www.davo1.cz/public/files/products_categories/original/9223.jpg]
[www.davo1.cz/stranka-95-95.html]
[www.davo1.cz/public/files/products_categories/original/letters.svg]
[www.davo1.cz/front/scripts/main30aa.js]
[sarpet.cz/public/files/uploads/dpi.jpg]
[www.davo1.cz/public/files/products_categories/original/reklamni-plachty-tisk.jpg]
[www.davo1.cz/stranka-85-85.html]
[www.davo1.cz/front/scripts/maine698.js]
[www.davo1.cz/stranka-96-96.html]
[www.davo1.cz/front/scripts/main2023.js]
[www.davo1.cz/public/files/products_categories/original/oboustranny-rollup.jpg]
[www.davo1.cz/stranka-97-97.html]
[www.davo1.cz/public/files/products_categories/original/rollup-01.svg]
[www.davo1.cz/public/files/products_categories/original/2016-12-01-14-28-48.jpg]
[www.davo1.cz/public/files/products_categories/original/2016-12-01-14-29-21.jpg]
[www.davo1.cz/front/scripts/mainc1dc.js]
[www.davo1.cz/stranka-98-98.html]
[www.davo1.cz/front/scripts/maind4ff.js]
[www.davo1.cz/stranka-116-116.html]
[www.davo1.cz/front/scripts/main4114.js]
[www.davo1.cz/stranka-99-99.html]
[www.davo1.cz/public/files/products_categories/original/bar-graph-presentation-with-a-stand.svg]
[www.davo1.cz/stranka-100-100.html]
[www.davo1.cz/public/files/products_categories/original/frame-landscape.svg]
[www.davo1.cz/front/scripts/maine78b.js]
[www.davo1.cz/stranka-102-102.html]
[www.davo1.cz/public/files/products_categories/original/road-banner.svg]
[www.davo1.cz/front/scripts/mainb11c.js]
[www.davo1.cz/stranka-101-101.html]
[www.davo1.cz/public/files/products_categories/original/nabidka-vlajek-01.jpg]
[www.davo1.cz/public/files/products_categories/original/vlajky.jpg]
[www.davo1.cz/stranka-114-114.html]
[www.davo1.cz/front/scripts/main2005.js]
[www.davo1.cz/stranka-113-113.html]
[www.davo1.cz/public/files/products_categories/original/2016-12-01-14-30-17.jpg]
[www.davo1.cz/public/files/products_categories/original/2016-12-01-14-30-29.jpg]
[www.davo1.cz/front/scripts/main0f6e.js]
[www.davo1.cz/stranka-119-119.html]
[www.davo1.cz/front/scripts/main64b7.js]
[www.davo1.cz/stranka-120-120.html]
[www.davo1.cz/public/files/products_categories/original/vyroba-rubikovych-kostek.jpg]
[www.davo1.cz/public/files/products_categories/original/kostka-2.jpg]
[www.davo1.cz/front/scripts/mainf1ea.js]
[www.davo1.cz/stranka-125-125.html]
[www.davo1.cz/front/scripts/main4365.js]
[www.davo1.cz/stranka-130-130.html]
[www.davo1.cz/stranka-132-132.html]
[www.davo1.cz/front/scripts/mainc040.js]
[www.davo1.cz/stranka-133-133.html]
[www.davo1.cz/front/scripts/maina589.js]
[www.davo1.cz/public/files/products_categories/original/magnetka-1.jpg]
[www.davo1.cz/public/files/products_categories/original/magnetka-pivo.jpg]
[www.davo1.cz/public/files/products_categories/original/magnetka-vyrez-atyp.jpg]
[www.davo1.cz/public/files/products_categories/original/magnetky-zadni-strana.jpg]
[www.davo1.cz/front/scripts/main00c4.js]
[www.davo1.cz/stranka-134-134.html]
[www.davo1.cz/public/files/products_categories/original/promo-stolek-vyroba.jpg]
[www.davo1.cz/front/scripts/maina892.js]
[www.davo1.cz/stranka-135-135.html]
[www.davo1.cz/front/scripts/mainf25d.js]
[www.davo1.cz/stranka-137-137.html]
[www.davo1.cz/stranka-139-139.html]
[www.davo1.cz/public/files/products_categories/original/hrnky-s-potiskem.jpg]
[www.davo1.cz/public/files/products_categories/original/potisk-hrnku-sublimaci.jpg]
[www.davo1.cz/public/files/products_categories/original/hrnky-sublimacni-potisk.jpg]
[www.davo1.cz/public/files/products_categories/original/hrnek.jpg]
[www.davo1.cz/front/scripts/maina87a.js]
[www.davo1.cz/stranka-140-140.html]
[www.davo1.cz/customer/forgotten_password.html]
[www.davo1.cz/customer3d24.html]
[www.davo1.cz/front/scripts/mainc737.js]
[www.davo1.cz/customer.html]
[www.davo1.cz/front/scripts/main2c12.js]
[www.davo1.cz/customer/forgotten_password.html]
[www.davo1.cz/front/scripts/main99ea.js]
[www.davo1.cz/customer.html]
[www.davo1.cz/public/files/products_categories/original/graficke-papiry-vizitky.html]
[www.davo1.cz/public/files/products_categories/original/vizitky-na-zlatem-papiru-metalicke-vizitky.html]
[www.davo1.cz/public/files/products_categories/original/tisk-dl-letaku.html]
[www.davo1.cz/public/files/products_categories/original/tisk-skladanych-letaku.html]
[www.davo1.cz/public/files/products_categories/original/letaky-brozury.html]
[www.davo1.cz/public/files/products_categories/original/tisk-letaku-pro-pizzerii.html]
[www.davo1.cz/public/files/products_categories/original/tisk-slozenych-letaku.html]
[www.davo1.cz/public/files/products_categories/original/vyroba-metalickych-samolepek.html]
[www.davo1.cz/public/files/products_categories/original/tisk-zlatych-etiket.html]
[www.davo1.cz/public/files/products_categories/original/vyroba-zlatych-etiket.html]
[www.davo1.cz/public/files/products_categories/original/tisk-kulatych-samolepek.html]
[www.davo1.cz/public/files/products_categories/original/tisk-etiket.html]
[www.davo1.cz/public/files/products_categories/original/samolepky-na-spz.html]
[www.davo1.cz/public/files/products_categories/original/samolepky-tisk-bilou-barvou.html]
[www.davo1.cz/public/files/products_categories/original/metalicke-etikety-2.html]
[www.davo1.cz/public/files/products_categories/original/tisk-bloku.html]
[www.davo1.cz/public/files/products_categories/original/tisk-poznnamkovych-bloku.html]
[www.davo1.cz/public/files/products_categories/original/firemni-bloky.html]
[www.davo1.cz/public/files/products_categories/original/tisk-katalogu-vazba-v2.html]
[www.davo1.cz/public/files/products_categories/original/tisk-napojovych-a-jidelnich-listku.html]
[www.davo1.cz/public/files/products_categories/original/tisk-katalogu-vazba-v1.html]
[www.davo1.cz/public/files/products_categories/original/tisk-brozur.html]
[www.davo1.cz/public/files/products_categories/original/katalog-a5-nalezato.html]
[www.davo1.cz/public/files/products_categories/original/vyroba-katalogu-levne.html]
[www.davo1.cz/public/files/products_categories/original/firemni-slozky-tisk.html]
[www.davo1.cz/public/files/products_categories/original/banner-sarpet.html]
[www.davo1.cz/public/files/products_categories/original/reflexni-plachta.html]
[www.davo1.cz/public/files/products_categories/original/dirkovana-okenni-folie.html]
[www.davo1.cz/public/files/products_categories/original/polepy.html]
[www.davo1.cz/public/files/products_categories/original/polepy-s-laminaci.html]
[www.davo1.cz/public/files/products_categories/original/polepy-na-schody.html]
[www.davo1.cz/public/files/products_categories/original/polepy-vyloh-owv.html]
[www.davo1.cz/public/files/products_categories/original/lepeni-vyloh-v-ostrave.html]
[www.davo1.cz/public/files/products_categories/original/polepy-vyloh-2.html]
[www.davo1.cz/public/files/products_categories/original/polepy-vyloh-ostrava.html]
[www.davo1.cz/public/files/products_categories/original/rezane-folie.html]
[www.davo1.cz/public/files/products_categories/original/tisk-tapet-na-miru.html]
[www.davo1.cz/public/files/products_categories/original/tapeta-imitace-textilu-na-miru.html]
[www.davo1.cz/public/files/products_categories/original/reklamni-vlajky-vyroba-levne.html]
[www.davo1.cz/public/files/products_categories/original/2017-02-01-16-00-17.html]
[www.davo1.cz/public/files/products_categories/original/3.html]
[www.davo1.cz/public/files/products_categories/original/2.html]
[www.davo1.cz/public/files/products_categories/original/1.html]
